Archive member included because of file (symbol)

c:/program files (x86)/atmel/atmel toolchain/avr8 gcc/native/3.4.1061/avr8-gnu-toolchain/bin/../lib/gcc/avr/4.8.1/avr5\libgcc.a(_exit.o)
                              c:/program files (x86)/atmel/atmel toolchain/avr8 gcc/native/3.4.1061/avr8-gnu-toolchain/bin/../lib/gcc/avr/4.8.1/../../../../avr/lib/avr5/crtm32.o (exit)
c:/program files (x86)/atmel/atmel toolchain/avr8 gcc/native/3.4.1061/avr8-gnu-toolchain/bin/../lib/gcc/avr/4.8.1/avr5\libgcc.a(_copy_data.o)
                              FreeRTOS/tasks.o (__do_copy_data)
c:/program files (x86)/atmel/atmel toolchain/avr8 gcc/native/3.4.1061/avr8-gnu-toolchain/bin/../lib/gcc/avr/4.8.1/avr5\libgcc.a(_clear_bss.o)
                              FreeRTOS/croutine.o (__do_clear_bss)
c:/program files (x86)/atmel/atmel toolchain/avr8 gcc/native/3.4.1061/avr8-gnu-toolchain/bin/../lib/gcc/avr/4.8.1/../../../../avr/lib/avr5\libc.a(malloc.o)
                              portable/heap_3.o (malloc)
c:/program files (x86)/atmel/atmel toolchain/avr8 gcc/native/3.4.1061/avr8-gnu-toolchain/bin/../lib/gcc/avr/4.8.1/../../../../avr/lib/avr5\libc.a(memcpy.o)
                              FreeRTOS/queue.o (memcpy)
c:/program files (x86)/atmel/atmel toolchain/avr8 gcc/native/3.4.1061/avr8-gnu-toolchain/bin/../lib/gcc/avr/4.8.1/../../../../avr/lib/avr5\libc.a(itoa_ncheck.o)
                              main.o (__itoa_ncheck)
c:/program files (x86)/atmel/atmel toolchain/avr8 gcc/native/3.4.1061/avr8-gnu-toolchain/bin/../lib/gcc/avr/4.8.1/../../../../avr/lib/avr5\libc.a(utoa_ncheck.o)
                              c:/program files (x86)/atmel/atmel toolchain/avr8 gcc/native/3.4.1061/avr8-gnu-toolchain/bin/../lib/gcc/avr/4.8.1/../../../../avr/lib/avr5\libc.a(itoa_ncheck.o) (__utoa_common)
c:/program files (x86)/atmel/atmel toolchain/avr8 gcc/native/3.4.1061/avr8-gnu-toolchain/bin/../lib/gcc/avr/4.8.1/../../../../avr/lib/avr5\libc.a(eerd_block_atmega32.o)
                              main.o (__eerd_block_m32)
c:/program files (x86)/atmel/atmel toolchain/avr8 gcc/native/3.4.1061/avr8-gnu-toolchain/bin/../lib/gcc/avr/4.8.1/../../../../avr/lib/avr5\libc.a(eewr_byte_atmega32.o)
                              main.o (__eewr_byte_m32)
c:/program files (x86)/atmel/atmel toolchain/avr8 gcc/native/3.4.1061/avr8-gnu-toolchain/bin/../lib/gcc/avr/4.8.1/../../../../avr/lib/avr5\libc.a(strrev.o)
                              c:/program files (x86)/atmel/atmel toolchain/avr8 gcc/native/3.4.1061/avr8-gnu-toolchain/bin/../lib/gcc/avr/4.8.1/../../../../avr/lib/avr5\libc.a(utoa_ncheck.o) (strrev)

Allocating common symbols
Common symbol       size              file

__brkval            0x2               c:/program files (x86)/atmel/atmel toolchain/avr8 gcc/native/3.4.1061/avr8-gnu-toolchain/bin/../lib/gcc/avr/4.8.1/../../../../avr/lib/avr5\libc.a(malloc.o)
state               0x1               z_events.o
events              0x1               z_events.o
__flp               0x2               c:/program files (x86)/atmel/atmel toolchain/avr8 gcc/native/3.4.1061/avr8-gnu-toolchain/bin/../lib/gcc/avr/4.8.1/../../../../avr/lib/avr5\libc.a(malloc.o)

Discarded input sections

 .data          0x00000000        0x0 c:/program files (x86)/atmel/atmel toolchain/avr8 gcc/native/3.4.1061/avr8-gnu-toolchain/bin/../lib/gcc/avr/4.8.1/../../../../avr/lib/avr5/crtm32.o
 .bss           0x00000000        0x0 c:/program files (x86)/atmel/atmel toolchain/avr8 gcc/native/3.4.1061/avr8-gnu-toolchain/bin/../lib/gcc/avr/4.8.1/../../../../avr/lib/avr5/crtm32.o
 .text          0x00000000        0x0 FreeRTOS/croutine.o
 .data          0x00000000        0x0 FreeRTOS/croutine.o
 .bss           0x00000000        0x0 FreeRTOS/croutine.o
 .text.xCoRoutineCreate
                0x00000000       0xf4 FreeRTOS/croutine.o
 .text.vCoRoutineAddToDelayedList
                0x00000000       0x86 FreeRTOS/croutine.o
 .text.vCoRoutineSchedule
                0x00000000      0x25c FreeRTOS/croutine.o
 .text.xCoRoutineRemoveFromEventList
                0x00000000       0x4a FreeRTOS/croutine.o
 .bss.xPassedTicks
                0x00000000        0x2 FreeRTOS/croutine.o
 .bss.xLastTickCount
                0x00000000        0x2 FreeRTOS/croutine.o
 .bss.xCoRoutineTickCount
                0x00000000        0x2 FreeRTOS/croutine.o
 .bss.uxTopCoRoutineReadyPriority
                0x00000000        0x1 FreeRTOS/croutine.o
 .bss.pxCurrentCoRoutine
                0x00000000        0x2 FreeRTOS/croutine.o
 .bss.xPendingReadyCoRoutineList
                0x00000000        0x9 FreeRTOS/croutine.o
 .bss.pxOverflowDelayedCoRoutineList
                0x00000000        0x2 FreeRTOS/croutine.o
 .bss.pxDelayedCoRoutineList
                0x00000000        0x2 FreeRTOS/croutine.o
 .bss.xDelayedCoRoutineList2
                0x00000000        0x9 FreeRTOS/croutine.o
 .bss.xDelayedCoRoutineList1
                0x00000000        0x9 FreeRTOS/croutine.o
 .bss.pxReadyCoRoutineLists
                0x00000000       0x12 FreeRTOS/croutine.o
 .debug_info    0x00000000      0x7ca FreeRTOS/croutine.o
 .debug_abbrev  0x00000000      0x257 FreeRTOS/croutine.o
 .debug_loc     0x00000000      0x3e6 FreeRTOS/croutine.o
 .debug_aranges
                0x00000000       0x38 FreeRTOS/croutine.o
 .debug_ranges  0x00000000       0x28 FreeRTOS/croutine.o
 .debug_line    0x00000000      0x24c FreeRTOS/croutine.o
 .debug_str     0x00000000      0x531 FreeRTOS/croutine.o
 .comment       0x00000000       0x31 FreeRTOS/croutine.o
 .debug_frame   0x00000000       0xc0 FreeRTOS/croutine.o
 .text          0x00000000        0x0 FreeRTOS/event_groups.o
 .data          0x00000000        0x0 FreeRTOS/event_groups.o
 .bss           0x00000000        0x0 FreeRTOS/event_groups.o
 .text.xEventGroupCreate
                0x00000000       0x26 FreeRTOS/event_groups.o
 .text.xEventGroupWaitBits
                0x00000000      0x10c FreeRTOS/event_groups.o
 .text.xEventGroupClearBits
                0x00000000       0x1e FreeRTOS/event_groups.o
 .text.xEventGroupGetBitsFromISR
                0x00000000        0x8 FreeRTOS/event_groups.o
 .text.xEventGroupSetBits
                0x00000000       0xdc FreeRTOS/event_groups.o
 .text.xEventGroupSync
                0x00000000       0xce FreeRTOS/event_groups.o
 .text.vEventGroupDelete
                0x00000000       0x32 FreeRTOS/event_groups.o
 .text.vEventGroupSetBitsCallback
                0x00000000        0x8 FreeRTOS/event_groups.o
 .text.vEventGroupClearBitsCallback
                0x00000000        0x8 FreeRTOS/event_groups.o
 .debug_info    0x00000000      0x934 FreeRTOS/event_groups.o
 .debug_abbrev  0x00000000      0x26b FreeRTOS/event_groups.o
 .debug_loc     0x00000000      0xbba FreeRTOS/event_groups.o
 .debug_aranges
                0x00000000       0x60 FreeRTOS/event_groups.o
 .debug_ranges  0x00000000       0x68 FreeRTOS/event_groups.o
 .debug_line    0x00000000      0x2de FreeRTOS/event_groups.o
 .debug_str     0x00000000      0x581 FreeRTOS/event_groups.o
 .comment       0x00000000       0x31 FreeRTOS/event_groups.o
 .debug_frame   0x00000000      0x158 FreeRTOS/event_groups.o
 .text          0x00000000        0x0 FreeRTOS/list.o
 .data          0x00000000        0x0 FreeRTOS/list.o
 .bss           0x00000000        0x0 FreeRTOS/list.o
 .text          0x00000000        0x0 FreeRTOS/queue.o
 .data          0x00000000        0x0 FreeRTOS/queue.o
 .bss           0x00000000        0x0 FreeRTOS/queue.o
 .text.prvCopyDataToQueue
                0x00000000       0x96 FreeRTOS/queue.o
 .text.prvCopyDataFromQueue
                0x00000000       0x34 FreeRTOS/queue.o
 .text.prvUnlockQueue
                0x00000000       0x88 FreeRTOS/queue.o
 .text.xQueueGenericReset
                0x00000000       0x7a FreeRTOS/queue.o
 .text.xQueueGenericCreate
                0x00000000       0x5c FreeRTOS/queue.o
 .text.xQueueGenericSend
                0x00000000      0x144 FreeRTOS/queue.o
 .text.xQueueGenericSendFromISR
                0x00000000       0x6c FreeRTOS/queue.o
 .text.xQueueGiveFromISR
                0x00000000       0x52 FreeRTOS/queue.o
 .text.xQueueGenericReceive
                0x00000000      0x16a FreeRTOS/queue.o
 .text.xQueueReceiveFromISR
                0x00000000       0x6a FreeRTOS/queue.o
 .text.xQueuePeekFromISR
                0x00000000       0x2e FreeRTOS/queue.o
 .text.uxQueueMessagesWaiting
                0x00000000       0x10 FreeRTOS/queue.o
 .text.uxQueueSpacesAvailable
                0x00000000       0x16 FreeRTOS/queue.o
 .text.uxQueueMessagesWaitingFromISR
                0x00000000        0x6 FreeRTOS/queue.o
 .text.vQueueDelete
                0x00000000        0x6 FreeRTOS/queue.o
 .text.xQueueIsQueueEmptyFromISR
                0x00000000        0xc FreeRTOS/queue.o
 .text.xQueueIsQueueFullFromISR
                0x00000000        0xe FreeRTOS/queue.o
 .text.xQueueCRSend
                0x00000000       0x72 FreeRTOS/queue.o
 .text.xQueueCRReceive
                0x00000000       0x90 FreeRTOS/queue.o
 .text.xQueueCRSendFromISR
                0x00000000       0x42 FreeRTOS/queue.o
 .text.xQueueCRReceiveFromISR
                0x00000000       0x80 FreeRTOS/queue.o
 .debug_info    0x00000000     0x1417 FreeRTOS/queue.o
 .debug_abbrev  0x00000000      0x2f2 FreeRTOS/queue.o
 .debug_loc     0x00000000     0x1999 FreeRTOS/queue.o
 .debug_aranges
                0x00000000       0xc0 FreeRTOS/queue.o
 .debug_ranges  0x00000000      0x128 FreeRTOS/queue.o
 .debug_line    0x00000000      0x4dd FreeRTOS/queue.o
 .debug_str     0x00000000      0x759 FreeRTOS/queue.o
 .comment       0x00000000       0x31 FreeRTOS/queue.o
 .debug_frame   0x00000000      0x2d0 FreeRTOS/queue.o
 .text          0x00000000        0x0 FreeRTOS/tasks.o
 .data          0x00000000        0x0 FreeRTOS/tasks.o
 .bss           0x00000000        0x0 FreeRTOS/tasks.o
 .text.vTaskDelete
                0x00000000       0xaa FreeRTOS/tasks.o
 .text.vTaskEndScheduler
                0x00000000        0xc FreeRTOS/tasks.o
 .text.xTaskGetTickCount
                0x00000000       0x14 FreeRTOS/tasks.o
 .text.xTaskGetTickCountFromISR
                0x00000000        0xa FreeRTOS/tasks.o
 .text.uxTaskGetNumberOfTasks
                0x00000000        0x6 FreeRTOS/tasks.o
 .text.pcTaskGetName
                0x00000000       0x10 FreeRTOS/tasks.o
 .text.vTaskDelayUntil
                0x00000000       0x7a FreeRTOS/tasks.o
 .text.vTaskPlaceOnEventList
                0x00000000       0x24 FreeRTOS/tasks.o
 .text.vTaskPlaceOnUnorderedEventList
                0x00000000       0x32 FreeRTOS/tasks.o
 .text.xTaskRemoveFromEventList
                0x00000000       0x90 FreeRTOS/tasks.o
 .text.xTaskRemoveFromUnorderedEventList
                0x00000000       0x74 FreeRTOS/tasks.o
 .text.vTaskSetTimeOutState
                0x00000000       0x16 FreeRTOS/tasks.o
 .text.xTaskCheckForTimeOut
                0x00000000       0x66 FreeRTOS/tasks.o
 .text.vTaskMissedYield
                0x00000000        0x8 FreeRTOS/tasks.o
 .text.uxTaskResetEventItemValue
                0x00000000       0x2e FreeRTOS/tasks.o
 .text.ulTaskNotifyTake
                0x00000000       0xae FreeRTOS/tasks.o
 .text.xTaskNotifyWait
                0x00000000      0x108 FreeRTOS/tasks.o
 .text.xTaskGenericNotify
                0x00000000      0x10a FreeRTOS/tasks.o
 .text.xTaskGenericNotifyFromISR
                0x00000000      0x130 FreeRTOS/tasks.o
 .text.vTaskNotifyGiveFromISR
                0x00000000       0xb6 FreeRTOS/tasks.o
 .text.xTaskNotifyStateClear
                0x00000000       0x28 FreeRTOS/tasks.o
 .text          0x00000000        0x0 FreeRTOS/timers.o
 .data          0x00000000        0x0 FreeRTOS/timers.o
 .bss           0x00000000        0x0 FreeRTOS/timers.o
 .debug_info    0x00000000       0x64 FreeRTOS/timers.o
 .debug_abbrev  0x00000000       0x26 FreeRTOS/timers.o
 .debug_aranges
                0x00000000       0x18 FreeRTOS/timers.o
 .debug_line    0x00000000       0x1a FreeRTOS/timers.o
 .debug_str     0x00000000      0x15e FreeRTOS/timers.o
 .comment       0x00000000       0x31 FreeRTOS/timers.o
 .text          0x00000000        0x0 HD44780.o
 .data          0x00000000        0x0 HD44780.o
 .bss           0x00000000        0x0 HD44780.o
 .text.LCD_Clear
                0x00000000       0x14 HD44780.o
 .text.LCD_Home
                0x00000000       0x14 HD44780.o
 .text.LCD_Scroll
                0x00000000       0x30 HD44780.o
 .text.LCD_ShowCustomCharAt
                0x00000000       0x12 HD44780.o
 .text.LCD_LoadCustomCharAt
                0x00000000       0x30 HD44780.o
 .text.LCD_ShowCustomChar
                0x00000000        0x6 HD44780.o
 .text          0x00000000        0x0 z_events.o
 .data          0x00000000        0x0 z_events.o
 .bss           0x00000000        0x0 z_events.o
 .text.set_event
                0x00000000        0xc z_events.o
 .text          0x00000000        0x0 z_inputs.o
 .data          0x00000000        0x0 z_inputs.o
 .bss           0x00000000        0x0 z_inputs.o
 .text          0x00000000        0x0 lcd_custom_sym.o
 .data          0x00000000        0x0 lcd_custom_sym.o
 .bss           0x00000000        0x0 lcd_custom_sym.o
 .text          0x00000000        0x0 main.o
 .data          0x00000000        0x0 main.o
 .bss           0x00000000        0x0 main.o
 .text          0x00000000        0x0 portable/heap_1.o
 .data          0x00000000        0x0 portable/heap_1.o
 .bss           0x00000000        0x0 portable/heap_1.o
 .debug_line    0x00000000        0x0 portable/heap_1.o
 .debug_str     0x00000000        0x0 portable/heap_1.o
 .comment       0x00000000       0x31 portable/heap_1.o
 .text          0x00000000        0x0 portable/heap_2.o
 .data          0x00000000        0x0 portable/heap_2.o
 .bss           0x00000000        0x0 portable/heap_2.o
 .debug_line    0x00000000        0x0 portable/heap_2.o
 .debug_str     0x00000000        0x0 portable/heap_2.o
 .comment       0x00000000       0x31 portable/heap_2.o
 .text          0x00000000        0x0 portable/heap_3.o
 .data          0x00000000        0x0 portable/heap_3.o
 .bss           0x00000000        0x0 portable/heap_3.o
 .text          0x00000000        0x0 portable/heap_4.o
 .data          0x00000000        0x0 portable/heap_4.o
 .bss           0x00000000        0x0 portable/heap_4.o
 .debug_line    0x00000000        0x0 portable/heap_4.o
 .debug_str     0x00000000        0x0 portable/heap_4.o
 .comment       0x00000000       0x31 portable/heap_4.o
 .text          0x00000000        0x0 portable/heap_5.o
 .data          0x00000000        0x0 portable/heap_5.o
 .bss           0x00000000        0x0 portable/heap_5.o
 .debug_line    0x00000000        0x0 portable/heap_5.o
 .debug_str     0x00000000        0x0 portable/heap_5.o
 .comment       0x00000000       0x31 portable/heap_5.o
 .text          0x00000000        0x0 portable/port.o
 .data          0x00000000        0x0 portable/port.o
 .bss           0x00000000        0x0 portable/port.o
 .text.vPortEndScheduler
                0x00000000        0x2 portable/port.o
 .text          0x00000000        0x0 c:/program files (x86)/atmel/atmel toolchain/avr8 gcc/native/3.4.1061/avr8-gnu-toolchain/bin/../lib/gcc/avr/4.8.1/avr5\libgcc.a(_exit.o)
 .data          0x00000000        0x0 c:/program files (x86)/atmel/atmel toolchain/avr8 gcc/native/3.4.1061/avr8-gnu-toolchain/bin/../lib/gcc/avr/4.8.1/avr5\libgcc.a(_exit.o)
 .bss           0x00000000        0x0 c:/program files (x86)/atmel/atmel toolchain/avr8 gcc/native/3.4.1061/avr8-gnu-toolchain/bin/../lib/gcc/avr/4.8.1/avr5\libgcc.a(_exit.o)
 .text.libgcc.mul
                0x00000000        0x0 c:/program files (x86)/atmel/atmel toolchain/avr8 gcc/native/3.4.1061/avr8-gnu-toolchain/bin/../lib/gcc/avr/4.8.1/avr5\libgcc.a(_exit.o)
 .text.libgcc.div
                0x00000000        0x0 c:/program files (x86)/atmel/atmel toolchain/avr8 gcc/native/3.4.1061/avr8-gnu-toolchain/bin/../lib/gcc/avr/4.8.1/avr5\libgcc.a(_exit.o)
 .text.libgcc   0x00000000        0x0 c:/program files (x86)/atmel/atmel toolchain/avr8 gcc/native/3.4.1061/avr8-gnu-toolchain/bin/../lib/gcc/avr/4.8.1/avr5\libgcc.a(_exit.o)
 .text.libgcc.prologue
                0x00000000        0x0 c:/program files (x86)/atmel/atmel toolchain/avr8 gcc/native/3.4.1061/avr8-gnu-toolchain/bin/../lib/gcc/avr/4.8.1/avr5\libgcc.a(_exit.o)
 .text.libgcc.builtins
                0x00000000        0x0 c:/program files (x86)/atmel/atmel toolchain/avr8 gcc/native/3.4.1061/avr8-gnu-toolchain/bin/../lib/gcc/avr/4.8.1/avr5\libgcc.a(_exit.o)
 .text.libgcc.fmul
                0x00000000        0x0 c:/program files (x86)/atmel/atmel toolchain/avr8 gcc/native/3.4.1061/avr8-gnu-toolchain/bin/../lib/gcc/avr/4.8.1/avr5\libgcc.a(_exit.o)
 .text.libgcc.fixed
                0x00000000        0x0 c:/program files (x86)/atmel/atmel toolchain/avr8 gcc/native/3.4.1061/avr8-gnu-toolchain/bin/../lib/gcc/avr/4.8.1/avr5\libgcc.a(_exit.o)
 .text          0x00000000        0x0 c:/program files (x86)/atmel/atmel toolchain/avr8 gcc/native/3.4.1061/avr8-gnu-toolchain/bin/../lib/gcc/avr/4.8.1/avr5\libgcc.a(_copy_data.o)
 .data          0x00000000        0x0 c:/program files (x86)/atmel/atmel toolchain/avr8 gcc/native/3.4.1061/avr8-gnu-toolchain/bin/../lib/gcc/avr/4.8.1/avr5\libgcc.a(_copy_data.o)
 .bss           0x00000000        0x0 c:/program files (x86)/atmel/atmel toolchain/avr8 gcc/native/3.4.1061/avr8-gnu-toolchain/bin/../lib/gcc/avr/4.8.1/avr5\libgcc.a(_copy_data.o)
 .text.libgcc.mul
                0x00000000        0x0 c:/program files (x86)/atmel/atmel toolchain/avr8 gcc/native/3.4.1061/avr8-gnu-toolchain/bin/../lib/gcc/avr/4.8.1/avr5\libgcc.a(_copy_data.o)
 .text.libgcc.div
                0x00000000        0x0 c:/program files (x86)/atmel/atmel toolchain/avr8 gcc/native/3.4.1061/avr8-gnu-toolchain/bin/../lib/gcc/avr/4.8.1/avr5\libgcc.a(_copy_data.o)
 .text.libgcc   0x00000000        0x0 c:/program files (x86)/atmel/atmel toolchain/avr8 gcc/native/3.4.1061/avr8-gnu-toolchain/bin/../lib/gcc/avr/4.8.1/avr5\libgcc.a(_copy_data.o)
 .text.libgcc.prologue
                0x00000000        0x0 c:/program files (x86)/atmel/atmel toolchain/avr8 gcc/native/3.4.1061/avr8-gnu-toolchain/bin/../lib/gcc/avr/4.8.1/avr5\libgcc.a(_copy_data.o)
 .text.libgcc.builtins
                0x00000000        0x0 c:/program files (x86)/atmel/atmel toolchain/avr8 gcc/native/3.4.1061/avr8-gnu-toolchain/bin/../lib/gcc/avr/4.8.1/avr5\libgcc.a(_copy_data.o)
 .text.libgcc.fmul
                0x00000000        0x0 c:/program files (x86)/atmel/atmel toolchain/avr8 gcc/native/3.4.1061/avr8-gnu-toolchain/bin/../lib/gcc/avr/4.8.1/avr5\libgcc.a(_copy_data.o)
 .text.libgcc.fixed
                0x00000000        0x0 c:/program files (x86)/atmel/atmel toolchain/avr8 gcc/native/3.4.1061/avr8-gnu-toolchain/bin/../lib/gcc/avr/4.8.1/avr5\libgcc.a(_copy_data.o)
 .text          0x00000000        0x0 c:/program files (x86)/atmel/atmel toolchain/avr8 gcc/native/3.4.1061/avr8-gnu-toolchain/bin/../lib/gcc/avr/4.8.1/avr5\libgcc.a(_clear_bss.o)
 .data          0x00000000        0x0 c:/program files (x86)/atmel/atmel toolchain/avr8 gcc/native/3.4.1061/avr8-gnu-toolchain/bin/../lib/gcc/avr/4.8.1/avr5\libgcc.a(_clear_bss.o)
 .bss           0x00000000        0x0 c:/program files (x86)/atmel/atmel toolchain/avr8 gcc/native/3.4.1061/avr8-gnu-toolchain/bin/../lib/gcc/avr/4.8.1/avr5\libgcc.a(_clear_bss.o)
 .text.libgcc.mul
                0x00000000        0x0 c:/program files (x86)/atmel/atmel toolchain/avr8 gcc/native/3.4.1061/avr8-gnu-toolchain/bin/../lib/gcc/avr/4.8.1/avr5\libgcc.a(_clear_bss.o)
 .text.libgcc.div
                0x00000000        0x0 c:/program files (x86)/atmel/atmel toolchain/avr8 gcc/native/3.4.1061/avr8-gnu-toolchain/bin/../lib/gcc/avr/4.8.1/avr5\libgcc.a(_clear_bss.o)
 .text.libgcc   0x00000000        0x0 c:/program files (x86)/atmel/atmel toolchain/avr8 gcc/native/3.4.1061/avr8-gnu-toolchain/bin/../lib/gcc/avr/4.8.1/avr5\libgcc.a(_clear_bss.o)
 .text.libgcc.prologue
                0x00000000        0x0 c:/program files (x86)/atmel/atmel toolchain/avr8 gcc/native/3.4.1061/avr8-gnu-toolchain/bin/../lib/gcc/avr/4.8.1/avr5\libgcc.a(_clear_bss.o)
 .text.libgcc.builtins
                0x00000000        0x0 c:/program files (x86)/atmel/atmel toolchain/avr8 gcc/native/3.4.1061/avr8-gnu-toolchain/bin/../lib/gcc/avr/4.8.1/avr5\libgcc.a(_clear_bss.o)
 .text.libgcc.fmul
                0x00000000        0x0 c:/program files (x86)/atmel/atmel toolchain/avr8 gcc/native/3.4.1061/avr8-gnu-toolchain/bin/../lib/gcc/avr/4.8.1/avr5\libgcc.a(_clear_bss.o)
 .text.libgcc.fixed
                0x00000000        0x0 c:/program files (x86)/atmel/atmel toolchain/avr8 gcc/native/3.4.1061/avr8-gnu-toolchain/bin/../lib/gcc/avr/4.8.1/avr5\libgcc.a(_clear_bss.o)
 .text          0x00000000        0x0 c:/program files (x86)/atmel/atmel toolchain/avr8 gcc/native/3.4.1061/avr8-gnu-toolchain/bin/../lib/gcc/avr/4.8.1/../../../../avr/lib/avr5\libc.a(malloc.o)
 .bss           0x00000000        0x0 c:/program files (x86)/atmel/atmel toolchain/avr8 gcc/native/3.4.1061/avr8-gnu-toolchain/bin/../lib/gcc/avr/4.8.1/../../../../avr/lib/avr5\libc.a(malloc.o)
 .text          0x00000000        0x0 c:/program files (x86)/atmel/atmel toolchain/avr8 gcc/native/3.4.1061/avr8-gnu-toolchain/bin/../lib/gcc/avr/4.8.1/../../../../avr/lib/avr5\libc.a(memcpy.o)
 .data          0x00000000        0x0 c:/program files (x86)/atmel/atmel toolchain/avr8 gcc/native/3.4.1061/avr8-gnu-toolchain/bin/../lib/gcc/avr/4.8.1/../../../../avr/lib/avr5\libc.a(memcpy.o)
 .bss           0x00000000        0x0 c:/program files (x86)/atmel/atmel toolchain/avr8 gcc/native/3.4.1061/avr8-gnu-toolchain/bin/../lib/gcc/avr/4.8.1/../../../../avr/lib/avr5\libc.a(memcpy.o)
 .text.avr-libc
                0x00000000       0x12 c:/program files (x86)/atmel/atmel toolchain/avr8 gcc/native/3.4.1061/avr8-gnu-toolchain/bin/../lib/gcc/avr/4.8.1/../../../../avr/lib/avr5\libc.a(memcpy.o)
 .text          0x00000000        0x0 c:/program files (x86)/atmel/atmel toolchain/avr8 gcc/native/3.4.1061/avr8-gnu-toolchain/bin/../lib/gcc/avr/4.8.1/../../../../avr/lib/avr5\libc.a(itoa_ncheck.o)
 .data          0x00000000        0x0 c:/program files (x86)/atmel/atmel toolchain/avr8 gcc/native/3.4.1061/avr8-gnu-toolchain/bin/../lib/gcc/avr/4.8.1/../../../../avr/lib/avr5\libc.a(itoa_ncheck.o)
 .bss           0x00000000        0x0 c:/program files (x86)/atmel/atmel toolchain/avr8 gcc/native/3.4.1061/avr8-gnu-toolchain/bin/../lib/gcc/avr/4.8.1/../../../../avr/lib/avr5\libc.a(itoa_ncheck.o)
 .text          0x00000000        0x0 c:/program files (x86)/atmel/atmel toolchain/avr8 gcc/native/3.4.1061/avr8-gnu-toolchain/bin/../lib/gcc/avr/4.8.1/../../../../avr/lib/avr5\libc.a(utoa_ncheck.o)
 .data          0x00000000        0x0 c:/program files (x86)/atmel/atmel toolchain/avr8 gcc/native/3.4.1061/avr8-gnu-toolchain/bin/../lib/gcc/avr/4.8.1/../../../../avr/lib/avr5\libc.a(utoa_ncheck.o)
 .bss           0x00000000        0x0 c:/program files (x86)/atmel/atmel toolchain/avr8 gcc/native/3.4.1061/avr8-gnu-toolchain/bin/../lib/gcc/avr/4.8.1/../../../../avr/lib/avr5\libc.a(utoa_ncheck.o)
 .text          0x00000000        0x0 c:/program files (x86)/atmel/atmel toolchain/avr8 gcc/native/3.4.1061/avr8-gnu-toolchain/bin/../lib/gcc/avr/4.8.1/../../../../avr/lib/avr5\libc.a(eerd_block_atmega32.o)
 .data          0x00000000        0x0 c:/program files (x86)/atmel/atmel toolchain/avr8 gcc/native/3.4.1061/avr8-gnu-toolchain/bin/../lib/gcc/avr/4.8.1/../../../../avr/lib/avr5\libc.a(eerd_block_atmega32.o)
 .bss           0x00000000        0x0 c:/program files (x86)/atmel/atmel toolchain/avr8 gcc/native/3.4.1061/avr8-gnu-toolchain/bin/../lib/gcc/avr/4.8.1/../../../../avr/lib/avr5\libc.a(eerd_block_atmega32.o)
 .text          0x00000000        0x0 c:/program files (x86)/atmel/atmel toolchain/avr8 gcc/native/3.4.1061/avr8-gnu-toolchain/bin/../lib/gcc/avr/4.8.1/../../../../avr/lib/avr5\libc.a(eewr_byte_atmega32.o)
 .data          0x00000000        0x0 c:/program files (x86)/atmel/atmel toolchain/avr8 gcc/native/3.4.1061/avr8-gnu-toolchain/bin/../lib/gcc/avr/4.8.1/../../../../avr/lib/avr5\libc.a(eewr_byte_atmega32.o)
 .bss           0x00000000        0x0 c:/program files (x86)/atmel/atmel toolchain/avr8 gcc/native/3.4.1061/avr8-gnu-toolchain/bin/../lib/gcc/avr/4.8.1/../../../../avr/lib/avr5\libc.a(eewr_byte_atmega32.o)
 .text          0x00000000        0x0 c:/program files (x86)/atmel/atmel toolchain/avr8 gcc/native/3.4.1061/avr8-gnu-toolchain/bin/../lib/gcc/avr/4.8.1/../../../../avr/lib/avr5\libc.a(strrev.o)
 .data          0x00000000        0x0 c:/program files (x86)/atmel/atmel toolchain/avr8 gcc/native/3.4.1061/avr8-gnu-toolchain/bin/../lib/gcc/avr/4.8.1/../../../../avr/lib/avr5\libc.a(strrev.o)
 .bss           0x00000000        0x0 c:/program files (x86)/atmel/atmel toolchain/avr8 gcc/native/3.4.1061/avr8-gnu-toolchain/bin/../lib/gcc/avr/4.8.1/../../../../avr/lib/avr5\libc.a(strrev.o)

Memory Configuration

Name             Origin             Length             Attributes
text             0x00000000         0x00020000         xr
data             0x00800060         0x0000ffa0         rw !x
eeprom           0x00810000         0x00010000         rw !x
fuse             0x00820000         0x00000400         rw !x
lock             0x00830000         0x00000400         rw !x
signature        0x00840000         0x00000400         rw !x
user_signatures  0x00850000         0x00000400         rw !x
*default*        0x00000000         0xffffffff

Linker script and memory map

LOAD c:/program files (x86)/atmel/atmel toolchain/avr8 gcc/native/3.4.1061/avr8-gnu-toolchain/bin/../lib/gcc/avr/4.8.1/../../../../avr/lib/avr5/crtm32.o
LOAD FreeRTOS/croutine.o
LOAD FreeRTOS/event_groups.o
LOAD FreeRTOS/list.o
LOAD FreeRTOS/queue.o
LOAD FreeRTOS/tasks.o
LOAD FreeRTOS/timers.o
LOAD HD44780.o
LOAD z_events.o
LOAD z_inputs.o
LOAD lcd_custom_sym.o
LOAD main.o
LOAD portable/heap_1.o
LOAD portable/heap_2.o
LOAD portable/heap_3.o
LOAD portable/heap_4.o
LOAD portable/heap_5.o
LOAD portable/port.o
START GROUP
LOAD c:/program files (x86)/atmel/atmel toolchain/avr8 gcc/native/3.4.1061/avr8-gnu-toolchain/bin/../lib/gcc/avr/4.8.1/../../../../avr/lib/avr5\libm.a
END GROUP
LOAD c:/program files (x86)/atmel/atmel toolchain/avr8 gcc/native/3.4.1061/avr8-gnu-toolchain/bin/../lib/gcc/avr/4.8.1/avr5\libgcc.a
LOAD c:/program files (x86)/atmel/atmel toolchain/avr8 gcc/native/3.4.1061/avr8-gnu-toolchain/bin/../lib/gcc/avr/4.8.1/../../../../avr/lib/avr5\libm.a
START GROUP
LOAD c:/program files (x86)/atmel/atmel toolchain/avr8 gcc/native/3.4.1061/avr8-gnu-toolchain/bin/../lib/gcc/avr/4.8.1/avr5\libgcc.a
LOAD c:/program files (x86)/atmel/atmel toolchain/avr8 gcc/native/3.4.1061/avr8-gnu-toolchain/bin/../lib/gcc/avr/4.8.1/../../../../avr/lib/avr5\libm.a
LOAD c:/program files (x86)/atmel/atmel toolchain/avr8 gcc/native/3.4.1061/avr8-gnu-toolchain/bin/../lib/gcc/avr/4.8.1/../../../../avr/lib/avr5\libc.a
END GROUP

.hash
 *(.hash)

.dynsym
 *(.dynsym)

.dynstr
 *(.dynstr)

.gnu.version
 *(.gnu.version)

.gnu.version_d
 *(.gnu.version_d)

.gnu.version_r
 *(.gnu.version_r)

.rel.init
 *(.rel.init)

.rela.init
 *(.rela.init)

.rel.text
 *(.rel.text)
 *(.rel.text.*)
 *(.rel.gnu.linkonce.t*)

.rela.text
 *(.rela.text)
 *(.rela.text.*)
 *(.rela.gnu.linkonce.t*)

.rel.fini
 *(.rel.fini)

.rela.fini
 *(.rela.fini)

.rel.rodata
 *(.rel.rodata)
 *(.rel.rodata.*)
 *(.rel.gnu.linkonce.r*)

.rela.rodata
 *(.rela.rodata)
 *(.rela.rodata.*)
 *(.rela.gnu.linkonce.r*)

.rel.data
 *(.rel.data)
 *(.rel.data.*)
 *(.rel.gnu.linkonce.d*)

.rela.data
 *(.rela.data)
 *(.rela.data.*)
 *(.rela.gnu.linkonce.d*)

.rel.ctors
 *(.rel.ctors)

.rela.ctors
 *(.rela.ctors)

.rel.dtors
 *(.rel.dtors)

.rela.dtors
 *(.rela.dtors)

.rel.got
 *(.rel.got)

.rela.got
 *(.rela.got)

.rel.bss
 *(.rel.bss)

.rela.bss
 *(.rela.bss)

.rel.plt
 *(.rel.plt)

.rela.plt
 *(.rela.plt)

.text           0x00000000     0x1226
 *(.vectors)
 .vectors       0x00000000       0x54 c:/program files (x86)/atmel/atmel toolchain/avr8 gcc/native/3.4.1061/avr8-gnu-toolchain/bin/../lib/gcc/avr/4.8.1/../../../../avr/lib/avr5/crtm32.o
                0x00000000                __vector_default
                0x00000000                __vectors
 *(.vectors)
 *(.progmem.gcc*)
                0x00000054                . = ALIGN (0x2)
                0x00000054                __trampolines_start = .
 *(.trampolines)
 .trampolines   0x00000054        0x0 linker stubs
 *(.trampolines*)
                0x00000054                __trampolines_end = .
 *(.progmem*)
 .progmem.data.lcd_custom_sym
                0x00000054       0x40 lcd_custom_sym.o
                0x00000054                lcd_custom_sym
                0x00000094                . = ALIGN (0x2)
 *(.jumptables)
 *(.jumptables*)
 *(.lowtext)
 *(.lowtext*)
                0x00000094                __ctors_start = .
 *(.ctors)
                0x00000094                __ctors_end = .
                0x00000094                __dtors_start = .
 *(.dtors)
                0x00000094                __dtors_end = .
 SORT(*)(.ctors)
 SORT(*)(.dtors)
 *(.init0)
 .init0         0x00000094        0x0 c:/program files (x86)/atmel/atmel toolchain/avr8 gcc/native/3.4.1061/avr8-gnu-toolchain/bin/../lib/gcc/avr/4.8.1/../../../../avr/lib/avr5/crtm32.o
                0x00000094                __init
 *(.init0)
 *(.init1)
 *(.init1)
 *(.init2)
 .init2         0x00000094        0xc c:/program files (x86)/atmel/atmel toolchain/avr8 gcc/native/3.4.1061/avr8-gnu-toolchain/bin/../lib/gcc/avr/4.8.1/../../../../avr/lib/avr5/crtm32.o
 *(.init2)
 *(.init3)
 *(.init3)
 *(.init4)
 .init4         0x000000a0       0x16 c:/program files (x86)/atmel/atmel toolchain/avr8 gcc/native/3.4.1061/avr8-gnu-toolchain/bin/../lib/gcc/avr/4.8.1/avr5\libgcc.a(_copy_data.o)
                0x000000a0                __do_copy_data
 .init4         0x000000b6       0x10 c:/program files (x86)/atmel/atmel toolchain/avr8 gcc/native/3.4.1061/avr8-gnu-toolchain/bin/../lib/gcc/avr/4.8.1/avr5\libgcc.a(_clear_bss.o)
                0x000000b6                __do_clear_bss
 *(.init4)
 *(.init5)
 *(.init5)
 *(.init6)
 *(.init6)
 *(.init7)
 *(.init7)
 *(.init8)
 *(.init8)
 *(.init9)
 .init9         0x000000c6        0x8 c:/program files (x86)/atmel/atmel toolchain/avr8 gcc/native/3.4.1061/avr8-gnu-toolchain/bin/../lib/gcc/avr/4.8.1/../../../../avr/lib/avr5/crtm32.o
 *(.init9)
 *(.text)
 .text          0x000000ce        0x4 c:/program files (x86)/atmel/atmel toolchain/avr8 gcc/native/3.4.1061/avr8-gnu-toolchain/bin/../lib/gcc/avr/4.8.1/../../../../avr/lib/avr5/crtm32.o
                0x000000ce                __vector_1
                0x000000ce                __vector_12
                0x000000ce                __bad_interrupt
                0x000000ce                __vector_6
                0x000000ce                __vector_3
                0x000000ce                __vector_11
                0x000000ce                __vector_13
                0x000000ce                __vector_17
                0x000000ce                __vector_19
                0x000000ce                __vector_5
                0x000000ce                __vector_4
                0x000000ce                __vector_9
                0x000000ce                __vector_2
                0x000000ce                __vector_15
                0x000000ce                __vector_8
                0x000000ce                __vector_14
                0x000000ce                __vector_10
                0x000000ce                __vector_16
                0x000000ce                __vector_18
                0x000000ce                __vector_20
                0x000000d2                . = ALIGN (0x2)
 *(.text.*)
 .text.vListInitialise
                0x000000d2       0x1c FreeRTOS/list.o
                0x000000d2                vListInitialise
 .text.vListInitialiseItem
                0x000000ee        0x8 FreeRTOS/list.o
                0x000000ee                vListInitialiseItem
 .text.vListInsertEnd
                0x000000f6       0x42 FreeRTOS/list.o
                0x000000f6                vListInsertEnd
 .text.vListInsert
                0x00000138       0x62 FreeRTOS/list.o
                0x00000138                vListInsert
 .text.uxListRemove
                0x0000019a       0x4c FreeRTOS/list.o
                0x0000019a                uxListRemove
 .text.prvResetNextTaskUnblockTime
                0x000001e6       0x3e FreeRTOS/tasks.o
 .text.prvAddCurrentTaskToDelayedList
                0x00000224       0x88 FreeRTOS/tasks.o
 .text.xTaskCreate
                0x000002ac      0x20c FreeRTOS/tasks.o
                0x000002ac                xTaskCreate
 .text.vTaskStartScheduler
                0x000004b8       0x54 FreeRTOS/tasks.o
                0x000004b8                vTaskStartScheduler
 .text.vTaskSuspendAll
                0x0000050c        0xc FreeRTOS/tasks.o
                0x0000050c                vTaskSuspendAll
 .text.xTaskIncrementTick
                0x00000518      0x17a FreeRTOS/tasks.o
                0x00000518                xTaskIncrementTick
 .text.xTaskResumeAll
                0x00000692      0x100 FreeRTOS/tasks.o
                0x00000692                xTaskResumeAll
 .text.vTaskDelay
                0x00000792       0x28 FreeRTOS/tasks.o
                0x00000792                vTaskDelay
 .text.prvIdleTask
                0x000007ba       0x7c FreeRTOS/tasks.o
 .text.vTaskSwitchContext
                0x00000836       0xb0 FreeRTOS/tasks.o
                0x00000836                vTaskSwitchContext
 .text._LCD_OutNibble
                0x000008e6       0x2a HD44780.o
                0x000008e6                _LCD_OutNibble
 .text._LCD_Write
                0x00000910       0x2a HD44780.o
                0x00000910                _LCD_Write
 .text.LCD_WriteCommand
                0x0000093a        0x8 HD44780.o
                0x0000093a                LCD_WriteCommand
 .text.LCD_WriteData
                0x00000942        0x8 HD44780.o
                0x00000942                LCD_WriteData
 .text.LCD_WriteText
                0x0000094a       0x1e HD44780.o
                0x0000094a                LCD_WriteText
 .text.LCD_GoTo
                0x00000968       0x10 HD44780.o
                0x00000968                LCD_GoTo
 .text.LCD_Initalize
                0x00000978       0x7e HD44780.o
                0x00000978                LCD_Initalize
 .text.LCD_AddCustomSymbol
                0x000009f6       0x42 HD44780.o
                0x000009f6                LCD_AddCustomSymbol
 .text.debounce_D
                0x00000a38       0xba z_inputs.o
                0x00000a38                debounce_D
 .text.LCD_FillGRAM
                0x00000af2       0x8a lcd_custom_sym.o
                0x00000af2                LCD_FillGRAM
 .text.debug    0x00000b7c       0x54 main.o
 .text.main     0x00000bd0       0x70 main.o
                0x00000bd0                main
 .text.vApplicationIdleHook
                0x00000c40        0x2 main.o
                0x00000c40                vApplicationIdleHook
 .text.pvPortMalloc
                0x00000c42       0x1e portable/heap_3.o
                0x00000c42                pvPortMalloc
 .text.vPortFree
                0x00000c60       0x1e portable/heap_3.o
                0x00000c60                vPortFree
 .text.pxPortInitialiseStack
                0x00000c7e       0xd8 portable/port.o
                0x00000c7e                pxPortInitialiseStack
 .text.xPortStartScheduler
                0x00000d56       0x6a portable/port.o
                0x00000d56                xPortStartScheduler
 .text.vPortYield
                0x00000dc0       0xb2 portable/port.o
                0x00000dc0                vPortYield
 .text.vPortYieldFromTick
                0x00000e72       0xb8 portable/port.o
                0x00000e72                vPortYieldFromTick
 .text.__vector_7
                0x00000f2a        0x6 portable/port.o
                0x00000f2a                __vector_7
 .text.avr-libc
                0x00000f30      0x24e c:/program files (x86)/atmel/atmel toolchain/avr8 gcc/native/3.4.1061/avr8-gnu-toolchain/bin/../lib/gcc/avr/4.8.1/../../../../avr/lib/avr5\libc.a(malloc.o)
                0x00000f30                malloc
                0x00001060                free
 .text.avr-libc
                0x0000117e       0x16 c:/program files (x86)/atmel/atmel toolchain/avr8 gcc/native/3.4.1061/avr8-gnu-toolchain/bin/../lib/gcc/avr/4.8.1/../../../../avr/lib/avr5\libc.a(itoa_ncheck.o)
                0x0000117e                __itoa_ncheck
 .text.avr-libc
                0x00001194       0x34 c:/program files (x86)/atmel/atmel toolchain/avr8 gcc/native/3.4.1061/avr8-gnu-toolchain/bin/../lib/gcc/avr/4.8.1/../../../../avr/lib/avr5\libc.a(utoa_ncheck.o)
                0x00001194                __utoa_ncheck
                0x00001196                __utoa_common
 .text.avr-libc
                0x000011c8       0x20 c:/program files (x86)/atmel/atmel toolchain/avr8 gcc/native/3.4.1061/avr8-gnu-toolchain/bin/../lib/gcc/avr/4.8.1/../../../../avr/lib/avr5\libc.a(eerd_block_atmega32.o)
                0x000011c8                __eerd_block_m32
                0x000011cc                __eerd_blraw_m32
 .text.avr-libc
                0x000011e8       0x1a c:/program files (x86)/atmel/atmel toolchain/avr8 gcc/native/3.4.1061/avr8-gnu-toolchain/bin/../lib/gcc/avr/4.8.1/../../../../avr/lib/avr5\libc.a(eewr_byte_atmega32.o)
                0x000011e8                __eewr_byte_m32
                0x000011ea                __eewr_r18_m32
 .text.avr-libc
                0x00001202       0x20 c:/program files (x86)/atmel/atmel toolchain/avr8 gcc/native/3.4.1061/avr8-gnu-toolchain/bin/../lib/gcc/avr/4.8.1/../../../../avr/lib/avr5\libc.a(strrev.o)
                0x00001202                strrev
                0x00001222                . = ALIGN (0x2)
 *(.fini9)
 .fini9         0x00001222        0x0 c:/program files (x86)/atmel/atmel toolchain/avr8 gcc/native/3.4.1061/avr8-gnu-toolchain/bin/../lib/gcc/avr/4.8.1/avr5\libgcc.a(_exit.o)
                0x00001222                _exit
                0x00001222                exit
 *(.fini9)
 *(.fini8)
 *(.fini8)
 *(.fini7)
 *(.fini7)
 *(.fini6)
 *(.fini6)
 *(.fini5)
 *(.fini5)
 *(.fini4)
 *(.fini4)
 *(.fini3)
 *(.fini3)
 *(.fini2)
 *(.fini2)
 *(.fini1)
 *(.fini1)
 *(.fini0)
 .fini0         0x00001222        0x4 c:/program files (x86)/atmel/atmel toolchain/avr8 gcc/native/3.4.1061/avr8-gnu-toolchain/bin/../lib/gcc/avr/4.8.1/avr5\libgcc.a(_exit.o)
 *(.fini0)
                0x00001226                _etext = .

.data           0x00800060       0x12 load address 0x00001226
                0x00800060                PROVIDE (__data_start, .)
 *(.data)
 .data          0x00800060        0x6 c:/program files (x86)/atmel/atmel toolchain/avr8 gcc/native/3.4.1061/avr8-gnu-toolchain/bin/../lib/gcc/avr/4.8.1/../../../../avr/lib/avr5\libc.a(malloc.o)
                0x00800060                __malloc_heap_end
                0x00800062                __malloc_heap_start
                0x00800064                __malloc_margin
 *(.data*)
 *(.rodata)
 *(.rodata*)
 .rodata.str1.1
                0x00800066        0x5 FreeRTOS/tasks.o
 .rodata.str1.1
                0x0080006b        0x6 main.o
 *(.gnu.linkonce.d*)
                0x00800072                . = ALIGN (0x2)
 *fill*         0x00800071        0x1 
                0x00800072                _edata = .
                0x00800072                PROVIDE (__data_end, .)

.bss            0x00800072       0x7b
                0x00800072                PROVIDE (__bss_start, .)
 *(.bss)
 *(.bss*)
 .bss.uxSchedulerSuspended
                0x00800072        0x1 FreeRTOS/tasks.o
 .bss.xIdleTaskHandle
                0x00800073        0x2 FreeRTOS/tasks.o
 .bss.xNextTaskUnblockTime
                0x00800075        0x2 FreeRTOS/tasks.o
 .bss.uxTaskNumber
                0x00800077        0x1 FreeRTOS/tasks.o
 .bss.xNumOfOverflows
                0x00800078        0x1 FreeRTOS/tasks.o
 .bss.xYieldPending
                0x00800079        0x1 FreeRTOS/tasks.o
 .bss.uxPendedTicks
                0x0080007a        0x1 FreeRTOS/tasks.o
 .bss.xSchedulerRunning
                0x0080007b        0x1 FreeRTOS/tasks.o
 .bss.uxTopReadyPriority
                0x0080007c        0x1 FreeRTOS/tasks.o
 .bss.xTickCount
                0x0080007d        0x2 FreeRTOS/tasks.o
 .bss.uxCurrentNumberOfTasks
                0x0080007f        0x1 FreeRTOS/tasks.o
 .bss.uxDeletedTasksWaitingCleanUp
                0x00800080        0x1 FreeRTOS/tasks.o
 .bss.xTasksWaitingTermination
                0x00800081        0x9 FreeRTOS/tasks.o
 .bss.xPendingReadyList
                0x0080008a        0x9 FreeRTOS/tasks.o
 .bss.pxOverflowDelayedTaskList
                0x00800093        0x2 FreeRTOS/tasks.o
 .bss.pxDelayedTaskList
                0x00800095        0x2 FreeRTOS/tasks.o
 .bss.xDelayedTaskList2
                0x00800097        0x9 FreeRTOS/tasks.o
 .bss.xDelayedTaskList1
                0x008000a0        0x9 FreeRTOS/tasks.o
 .bss.pxReadyTasksLists
                0x008000a9       0x24 FreeRTOS/tasks.o
 .bss.pxCurrentTCB
                0x008000cd        0x2 FreeRTOS/tasks.o
                0x008000cd                pxCurrentTCB
 .bss.enum_state
                0x008000cf        0x8 z_inputs.o
                0x008000cf                enum_state
 .bss.buffer    0x008000d7       0x10 z_inputs.o
                0x008000d7                buffer
 *(COMMON)
 COMMON         0x008000e7        0x2 z_events.o
                0x008000e7                state
                0x008000e8                events
 COMMON         0x008000e9        0x4 c:/program files (x86)/atmel/atmel toolchain/avr8 gcc/native/3.4.1061/avr8-gnu-toolchain/bin/../lib/gcc/avr/4.8.1/../../../../avr/lib/avr5\libc.a(malloc.o)
                0x008000e9                __brkval
                0x008000eb                __flp
                0x008000ed                PROVIDE (__bss_end, .)
                0x00001226                __data_load_start = LOADADDR (.data)
                0x00001238                __data_load_end = (__data_load_start + SIZEOF (.data))

.noinit         0x008000ed        0x0
                0x008000ed                PROVIDE (__noinit_start, .)
 *(.noinit*)
                0x008000ed                PROVIDE (__noinit_end, .)
                0x008000ed                _end = .
                0x008000ed                PROVIDE (__heap_start, .)

.eeprom         0x00810000        0x0
 *(.eeprom*)
                0x00810000                __eeprom_end = .

.fuse
 *(.fuse)
 *(.lfuse)
 *(.hfuse)
 *(.efuse)

.lock
 *(.lock*)

.signature
 *(.signature*)

.user_signatures
 *(.user_signatures*)

.stab
 *(.stab)

.stabstr
 *(.stabstr)

.stab.excl
 *(.stab.excl)

.stab.exclstr
 *(.stab.exclstr)

.stab.index
 *(.stab.index)

.stab.indexstr
 *(.stab.indexstr)

.comment        0x00000000       0x30
 *(.comment)
 .comment       0x00000000       0x30 FreeRTOS/list.o
                                 0x31 (size before relaxing)
 .comment       0x00000000       0x31 FreeRTOS/tasks.o
 .comment       0x00000000       0x31 HD44780.o
 .comment       0x00000000       0x31 z_events.o
 .comment       0x00000000       0x31 z_inputs.o
 .comment       0x00000000       0x31 lcd_custom_sym.o
 .comment       0x00000000       0x31 main.o
 .comment       0x00000000       0x31 portable/heap_3.o
 .comment       0x00000000       0x31 portable/port.o
 .comment       0x00000000       0x31 c:/program files (x86)/atmel/atmel toolchain/avr8 gcc/native/3.4.1061/avr8-gnu-toolchain/bin/../lib/gcc/avr/4.8.1/../../../../avr/lib/avr5\libc.a(malloc.o)

.note.gnu.build-id
 *(.note.gnu.build-id)

.debug
 *(.debug)

.line
 *(.line)

.debug_srcinfo
 *(.debug_srcinfo)

.debug_sfnames
 *(.debug_sfnames)

.debug_aranges  0x00000000      0x2d8
 *(.debug_aranges)
 .debug_aranges
                0x00000000       0x40 FreeRTOS/list.o
 .debug_aranges
                0x00000040      0x110 FreeRTOS/tasks.o
 .debug_aranges
                0x00000150       0x88 HD44780.o
 .debug_aranges
                0x000001d8       0x20 z_events.o
 .debug_aranges
                0x000001f8       0x20 z_inputs.o
 .debug_aranges
                0x00000218       0x20 lcd_custom_sym.o
 .debug_aranges
                0x00000238       0x30 main.o
 .debug_aranges
                0x00000268       0x28 portable/heap_3.o
 .debug_aranges
                0x00000290       0x48 portable/port.o

.debug_pubnames
 *(.debug_pubnames)

.debug_info     0x00000000     0x2e88
 *(.debug_info .gnu.linkonce.wi.*)
 .debug_info    0x00000000      0x2cd FreeRTOS/list.o
 .debug_info    0x000002cd     0x18c9 FreeRTOS/tasks.o
 .debug_info    0x00001b96      0x700 HD44780.o
 .debug_info    0x00002296       0x6a z_events.o
 .debug_info    0x00002300      0x15e z_inputs.o
 .debug_info    0x0000245e      0x171 lcd_custom_sym.o
 .debug_info    0x000025cf      0x4d0 main.o
 .debug_info    0x00002a9f      0x188 portable/heap_3.o
 .debug_info    0x00002c27      0x261 portable/port.o

.debug_abbrev   0x00000000      0xc88
 *(.debug_abbrev)
 .debug_abbrev  0x00000000       0xf8 FreeRTOS/list.o
 .debug_abbrev  0x000000f8      0x35a FreeRTOS/tasks.o
 .debug_abbrev  0x00000452      0x173 HD44780.o
 .debug_abbrev  0x000005c5       0x48 z_events.o
 .debug_abbrev  0x0000060d       0xbc z_inputs.o
 .debug_abbrev  0x000006c9       0xef lcd_custom_sym.o
 .debug_abbrev  0x000007b8      0x251 main.o
 .debug_abbrev  0x00000a09      0x118 portable/heap_3.o
 .debug_abbrev  0x00000b21      0x167 portable/port.o

.debug_line     0x00000000     0x1205
 *(.debug_line .debug_line.* .debug_line_end)
 .debug_line    0x00000000      0x159 FreeRTOS/list.o
 .debug_line    0x00000159      0x65b FreeRTOS/tasks.o
 .debug_line    0x000007b4      0x299 HD44780.o
 .debug_line    0x00000a4d       0x4b z_events.o
 .debug_line    0x00000a98      0x106 z_inputs.o
 .debug_line    0x00000b9e       0xd9 lcd_custom_sym.o
 .debug_line    0x00000c77      0x285 main.o
 .debug_line    0x00000efc      0x17a portable/heap_3.o
 .debug_line    0x00001076      0x18f portable/port.o

.debug_frame    0x00000000      0x7cc
 *(.debug_frame)
 .debug_frame   0x00000000       0x88 FreeRTOS/list.o
 .debug_frame   0x00000088      0x3f8 FreeRTOS/tasks.o
 .debug_frame   0x00000480      0x158 HD44780.o
 .debug_frame   0x000005d8       0x24 z_events.o
 .debug_frame   0x000005fc       0x48 z_inputs.o
 .debug_frame   0x00000644       0x54 lcd_custom_sym.o
 .debug_frame   0x00000698       0x74 main.o
 .debug_frame   0x0000070c       0x4c portable/heap_3.o
 .debug_frame   0x00000758       0x74 portable/port.o

.debug_str      0x00000000      0xec9
 *(.debug_str)
 .debug_str     0x00000000      0x260 FreeRTOS/list.o
                                0x29f (size before relaxing)
 .debug_str     0x00000260      0x8e0 FreeRTOS/tasks.o
                                0xb63 (size before relaxing)
 .debug_str     0x00000b40      0x164 HD44780.o
                                0x2ba (size before relaxing)
 .debug_str     0x00000ca4       0x21 z_events.o
                                0x100 (size before relaxing)
 .debug_str     0x00000cc5       0x93 z_inputs.o
                                0x1f4 (size before relaxing)
 .debug_str     0x00000d58       0x44 lcd_custom_sym.o
                                0x1b9 (size before relaxing)
 .debug_str     0x00000d9c       0x7a main.o
                                0x2af (size before relaxing)
 .debug_str     0x00000e16       0x36 portable/heap_3.o
                                0x1c7 (size before relaxing)
 .debug_str     0x00000e4c       0x7d portable/port.o
                                0x298 (size before relaxing)

.debug_loc      0x00000000     0x2545
 *(.debug_loc)
 .debug_loc     0x00000000      0x155 FreeRTOS/list.o
 .debug_loc     0x00000155     0x1876 FreeRTOS/tasks.o
 .debug_loc     0x000019cb      0x4d2 HD44780.o
 .debug_loc     0x00001e9d       0xa7 z_inputs.o
 .debug_loc     0x00001f44      0x159 lcd_custom_sym.o
 .debug_loc     0x0000209d       0xfa main.o
 .debug_loc     0x00002197      0x102 portable/heap_3.o
 .debug_loc     0x00002299      0x2ac portable/port.o

.debug_macinfo
 *(.debug_macinfo)

.debug_weaknames
 *(.debug_weaknames)

.debug_funcnames
 *(.debug_funcnames)

.debug_typenames
 *(.debug_typenames)

.debug_varnames
 *(.debug_varnames)

.debug_pubtypes
 *(.debug_pubtypes)

.debug_ranges   0x00000000      0x2b0
 *(.debug_ranges)
 .debug_ranges  0x00000000       0x30 FreeRTOS/list.o
 .debug_ranges  0x00000030      0x168 FreeRTOS/tasks.o
 .debug_ranges  0x00000198       0x78 HD44780.o
 .debug_ranges  0x00000210       0x10 z_events.o
 .debug_ranges  0x00000220       0x10 z_inputs.o
 .debug_ranges  0x00000230       0x10 lcd_custom_sym.o
 .debug_ranges  0x00000240       0x20 main.o
 .debug_ranges  0x00000260       0x18 portable/heap_3.o
 .debug_ranges  0x00000278       0x38 portable/port.o

.debug_macro
 *(.debug_macro)
OUTPUT(HVAC_2.elf elf32-avr)
LOAD linker stubs
