Archive member included because of file (symbol)

c:/program files (x86)/atmel/atmel toolchain/avr8 gcc/native/3.4.1061/avr8-gnu-toolchain/bin/../lib/gcc/avr/4.8.1/../../../../avr/lib/avr5\libm.a(addsf3.o)
                              z_events.o (__subsf3)
c:/program files (x86)/atmel/atmel toolchain/avr8 gcc/native/3.4.1061/avr8-gnu-toolchain/bin/../lib/gcc/avr/4.8.1/../../../../avr/lib/avr5\libm.a(addsf3x.o)
                              c:/program files (x86)/atmel/atmel toolchain/avr8 gcc/native/3.4.1061/avr8-gnu-toolchain/bin/../lib/gcc/avr/4.8.1/../../../../avr/lib/avr5\libm.a(addsf3.o) (__addsf3x)
c:/program files (x86)/atmel/atmel toolchain/avr8 gcc/native/3.4.1061/avr8-gnu-toolchain/bin/../lib/gcc/avr/4.8.1/../../../../avr/lib/avr5\libm.a(cmpsf2.o)
                              z_pwm.o (__ltsf2)
c:/program files (x86)/atmel/atmel toolchain/avr8 gcc/native/3.4.1061/avr8-gnu-toolchain/bin/../lib/gcc/avr/4.8.1/../../../../avr/lib/avr5\libm.a(divsf3.o)
                              z_events.o (__divsf3)
c:/program files (x86)/atmel/atmel toolchain/avr8 gcc/native/3.4.1061/avr8-gnu-toolchain/bin/../lib/gcc/avr/4.8.1/../../../../avr/lib/avr5\libm.a(divsf3x.o)
                              c:/program files (x86)/atmel/atmel toolchain/avr8 gcc/native/3.4.1061/avr8-gnu-toolchain/bin/../lib/gcc/avr/4.8.1/../../../../avr/lib/avr5\libm.a(divsf3.o) (__divsf3x)
c:/program files (x86)/atmel/atmel toolchain/avr8 gcc/native/3.4.1061/avr8-gnu-toolchain/bin/../lib/gcc/avr/4.8.1/../../../../avr/lib/avr5\libm.a(fixsfsi.o)
                              z_events.o (__fixsfsi)
c:/program files (x86)/atmel/atmel toolchain/avr8 gcc/native/3.4.1061/avr8-gnu-toolchain/bin/../lib/gcc/avr/4.8.1/../../../../avr/lib/avr5\libm.a(fixunssfsi.o)
                              z_pwm.o (__fixunssfsi)
c:/program files (x86)/atmel/atmel toolchain/avr8 gcc/native/3.4.1061/avr8-gnu-toolchain/bin/../lib/gcc/avr/4.8.1/../../../../avr/lib/avr5\libm.a(floatsisf.o)
                              z_events.o (__floatunsisf)
c:/program files (x86)/atmel/atmel toolchain/avr8 gcc/native/3.4.1061/avr8-gnu-toolchain/bin/../lib/gcc/avr/4.8.1/../../../../avr/lib/avr5\libm.a(fp_cmp.o)
                              c:/program files (x86)/atmel/atmel toolchain/avr8 gcc/native/3.4.1061/avr8-gnu-toolchain/bin/../lib/gcc/avr/4.8.1/../../../../avr/lib/avr5\libm.a(cmpsf2.o) (__fp_cmp)
c:/program files (x86)/atmel/atmel toolchain/avr8 gcc/native/3.4.1061/avr8-gnu-toolchain/bin/../lib/gcc/avr/4.8.1/../../../../avr/lib/avr5\libm.a(fp_inf.o)
                              c:/program files (x86)/atmel/atmel toolchain/avr8 gcc/native/3.4.1061/avr8-gnu-toolchain/bin/../lib/gcc/avr/4.8.1/../../../../avr/lib/avr5\libm.a(addsf3x.o) (__fp_inf)
c:/program files (x86)/atmel/atmel toolchain/avr8 gcc/native/3.4.1061/avr8-gnu-toolchain/bin/../lib/gcc/avr/4.8.1/../../../../avr/lib/avr5\libm.a(fp_nan.o)
                              c:/program files (x86)/atmel/atmel toolchain/avr8 gcc/native/3.4.1061/avr8-gnu-toolchain/bin/../lib/gcc/avr/4.8.1/../../../../avr/lib/avr5\libm.a(addsf3x.o) (__fp_nan)
c:/program files (x86)/atmel/atmel toolchain/avr8 gcc/native/3.4.1061/avr8-gnu-toolchain/bin/../lib/gcc/avr/4.8.1/../../../../avr/lib/avr5\libm.a(fp_pscA.o)
                              c:/program files (x86)/atmel/atmel toolchain/avr8 gcc/native/3.4.1061/avr8-gnu-toolchain/bin/../lib/gcc/avr/4.8.1/../../../../avr/lib/avr5\libm.a(addsf3x.o) (__fp_pscA)
c:/program files (x86)/atmel/atmel toolchain/avr8 gcc/native/3.4.1061/avr8-gnu-toolchain/bin/../lib/gcc/avr/4.8.1/../../../../avr/lib/avr5\libm.a(fp_pscB.o)
                              c:/program files (x86)/atmel/atmel toolchain/avr8 gcc/native/3.4.1061/avr8-gnu-toolchain/bin/../lib/gcc/avr/4.8.1/../../../../avr/lib/avr5\libm.a(addsf3x.o) (__fp_pscB)
c:/program files (x86)/atmel/atmel toolchain/avr8 gcc/native/3.4.1061/avr8-gnu-toolchain/bin/../lib/gcc/avr/4.8.1/../../../../avr/lib/avr5\libm.a(fp_round.o)
                              c:/program files (x86)/atmel/atmel toolchain/avr8 gcc/native/3.4.1061/avr8-gnu-toolchain/bin/../lib/gcc/avr/4.8.1/../../../../avr/lib/avr5\libm.a(addsf3.o) (__fp_round)
c:/program files (x86)/atmel/atmel toolchain/avr8 gcc/native/3.4.1061/avr8-gnu-toolchain/bin/../lib/gcc/avr/4.8.1/../../../../avr/lib/avr5\libm.a(fp_split3.o)
                              c:/program files (x86)/atmel/atmel toolchain/avr8 gcc/native/3.4.1061/avr8-gnu-toolchain/bin/../lib/gcc/avr/4.8.1/../../../../avr/lib/avr5\libm.a(addsf3x.o) (__fp_split3)
c:/program files (x86)/atmel/atmel toolchain/avr8 gcc/native/3.4.1061/avr8-gnu-toolchain/bin/../lib/gcc/avr/4.8.1/../../../../avr/lib/avr5\libm.a(fp_zero.o)
                              c:/program files (x86)/atmel/atmel toolchain/avr8 gcc/native/3.4.1061/avr8-gnu-toolchain/bin/../lib/gcc/avr/4.8.1/../../../../avr/lib/avr5\libm.a(addsf3x.o) (__fp_zero)
c:/program files (x86)/atmel/atmel toolchain/avr8 gcc/native/3.4.1061/avr8-gnu-toolchain/bin/../lib/gcc/avr/4.8.1/../../../../avr/lib/avr5\libm.a(gesf2.o)
                              z_pwm.o (__gtsf2)
c:/program files (x86)/atmel/atmel toolchain/avr8 gcc/native/3.4.1061/avr8-gnu-toolchain/bin/../lib/gcc/avr/4.8.1/avr5\libgcc.a(_exit.o)
                              c:/program files (x86)/atmel/atmel toolchain/avr8 gcc/native/3.4.1061/avr8-gnu-toolchain/bin/../lib/gcc/avr/4.8.1/../../../../avr/lib/avr5/crtm32.o (exit)
c:/program files (x86)/atmel/atmel toolchain/avr8 gcc/native/3.4.1061/avr8-gnu-toolchain/bin/../lib/gcc/avr/4.8.1/avr5\libgcc.a(_copy_data.o)
                              FreeRTOS/tasks.o (__do_copy_data)
c:/program files (x86)/atmel/atmel toolchain/avr8 gcc/native/3.4.1061/avr8-gnu-toolchain/bin/../lib/gcc/avr/4.8.1/avr5\libgcc.a(_clear_bss.o)
                              FreeRTOS/croutine.o (__do_clear_bss)
c:/program files (x86)/atmel/atmel toolchain/avr8 gcc/native/3.4.1061/avr8-gnu-toolchain/bin/../lib/gcc/avr/4.8.1/../../../../avr/lib/avr5\libc.a(malloc.o)
                              portable/heap_3.o (malloc)
c:/program files (x86)/atmel/atmel toolchain/avr8 gcc/native/3.4.1061/avr8-gnu-toolchain/bin/../lib/gcc/avr/4.8.1/../../../../avr/lib/avr5\libc.a(memcpy.o)
                              FreeRTOS/queue.o (memcpy)
c:/program files (x86)/atmel/atmel toolchain/avr8 gcc/native/3.4.1061/avr8-gnu-toolchain/bin/../lib/gcc/avr/4.8.1/../../../../avr/lib/avr5\libc.a(itoa.o)
                              z_display.o (itoa)
c:/program files (x86)/atmel/atmel toolchain/avr8 gcc/native/3.4.1061/avr8-gnu-toolchain/bin/../lib/gcc/avr/4.8.1/../../../../avr/lib/avr5\libc.a(itoa_ncheck.o)
                              main.o (__itoa_ncheck)
c:/program files (x86)/atmel/atmel toolchain/avr8 gcc/native/3.4.1061/avr8-gnu-toolchain/bin/../lib/gcc/avr/4.8.1/../../../../avr/lib/avr5\libc.a(utoa_ncheck.o)
                              c:/program files (x86)/atmel/atmel toolchain/avr8 gcc/native/3.4.1061/avr8-gnu-toolchain/bin/../lib/gcc/avr/4.8.1/../../../../avr/lib/avr5\libc.a(itoa_ncheck.o) (__utoa_common)
c:/program files (x86)/atmel/atmel toolchain/avr8 gcc/native/3.4.1061/avr8-gnu-toolchain/bin/../lib/gcc/avr/4.8.1/../../../../avr/lib/avr5\libc.a(eerd_block_atmega32.o)
                              main.o (__eerd_block_m32)
c:/program files (x86)/atmel/atmel toolchain/avr8 gcc/native/3.4.1061/avr8-gnu-toolchain/bin/../lib/gcc/avr/4.8.1/../../../../avr/lib/avr5\libc.a(eewr_byte_atmega32.o)
                              main.o (__eewr_byte_m32)
c:/program files (x86)/atmel/atmel toolchain/avr8 gcc/native/3.4.1061/avr8-gnu-toolchain/bin/../lib/gcc/avr/4.8.1/../../../../avr/lib/avr5\libc.a(strrev.o)
                              c:/program files (x86)/atmel/atmel toolchain/avr8 gcc/native/3.4.1061/avr8-gnu-toolchain/bin/../lib/gcc/avr/4.8.1/../../../../avr/lib/avr5\libc.a(utoa_ncheck.o) (strrev)

Allocating common symbols
Common symbol       size              file

desired_temp        0x1               z_events.o
__brkval            0x2               c:/program files (x86)/atmel/atmel toolchain/avr8 gcc/native/3.4.1061/avr8-gnu-toolchain/bin/../lib/gcc/avr/4.8.1/../../../../avr/lib/avr5\libc.a(malloc.o)
result_ADC          0x2               z_adc.o
states              0x1               main.o
pwm_pow_lvl         0x1               z_pwm.o
result_ADC_motor    0x2               z_adc.o
events              0x1               main.o
__flp               0x2               c:/program files (x86)/atmel/atmel toolchain/avr8 gcc/native/3.4.1061/avr8-gnu-toolchain/bin/../lib/gcc/avr/4.8.1/../../../../avr/lib/avr5\libc.a(malloc.o)

Discarded input sections

 .data          0x00000000        0x0 c:/program files (x86)/atmel/atmel toolchain/avr8 gcc/native/3.4.1061/avr8-gnu-toolchain/bin/../lib/gcc/avr/4.8.1/../../../../avr/lib/avr5/crtm32.o
 .bss           0x00000000        0x0 c:/program files (x86)/atmel/atmel toolchain/avr8 gcc/native/3.4.1061/avr8-gnu-toolchain/bin/../lib/gcc/avr/4.8.1/../../../../avr/lib/avr5/crtm32.o
 .text          0x00000000        0x0 FreeRTOS/croutine.o
 .data          0x00000000        0x0 FreeRTOS/croutine.o
 .bss           0x00000000        0x0 FreeRTOS/croutine.o
 .text.xCoRoutineCreate
                0x00000000       0xf4 FreeRTOS/croutine.o
 .text.vCoRoutineAddToDelayedList
                0x00000000       0x86 FreeRTOS/croutine.o
 .text.vCoRoutineSchedule
                0x00000000      0x25c FreeRTOS/croutine.o
 .text.xCoRoutineRemoveFromEventList
                0x00000000       0x4a FreeRTOS/croutine.o
 .bss.xPassedTicks
                0x00000000        0x2 FreeRTOS/croutine.o
 .bss.xLastTickCount
                0x00000000        0x2 FreeRTOS/croutine.o
 .bss.xCoRoutineTickCount
                0x00000000        0x2 FreeRTOS/croutine.o
 .bss.uxTopCoRoutineReadyPriority
                0x00000000        0x1 FreeRTOS/croutine.o
 .bss.pxCurrentCoRoutine
                0x00000000        0x2 FreeRTOS/croutine.o
 .bss.xPendingReadyCoRoutineList
                0x00000000        0x9 FreeRTOS/croutine.o
 .bss.pxOverflowDelayedCoRoutineList
                0x00000000        0x2 FreeRTOS/croutine.o
 .bss.pxDelayedCoRoutineList
                0x00000000        0x2 FreeRTOS/croutine.o
 .bss.xDelayedCoRoutineList2
                0x00000000        0x9 FreeRTOS/croutine.o
 .bss.xDelayedCoRoutineList1
                0x00000000        0x9 FreeRTOS/croutine.o
 .bss.pxReadyCoRoutineLists
                0x00000000       0x12 FreeRTOS/croutine.o
 .debug_info    0x00000000      0x7ca FreeRTOS/croutine.o
 .debug_abbrev  0x00000000      0x257 FreeRTOS/croutine.o
 .debug_loc     0x00000000      0x3e6 FreeRTOS/croutine.o
 .debug_aranges
                0x00000000       0x38 FreeRTOS/croutine.o
 .debug_ranges  0x00000000       0x28 FreeRTOS/croutine.o
 .debug_line    0x00000000      0x24c FreeRTOS/croutine.o
 .debug_str     0x00000000      0x52d FreeRTOS/croutine.o
 .comment       0x00000000       0x31 FreeRTOS/croutine.o
 .debug_frame   0x00000000       0xc0 FreeRTOS/croutine.o
 .text          0x00000000        0x0 FreeRTOS/event_groups.o
 .data          0x00000000        0x0 FreeRTOS/event_groups.o
 .bss           0x00000000        0x0 FreeRTOS/event_groups.o
 .text.xEventGroupCreate
                0x00000000       0x26 FreeRTOS/event_groups.o
 .text.xEventGroupWaitBits
                0x00000000      0x10c FreeRTOS/event_groups.o
 .text.xEventGroupClearBits
                0x00000000       0x1e FreeRTOS/event_groups.o
 .text.xEventGroupGetBitsFromISR
                0x00000000        0x8 FreeRTOS/event_groups.o
 .text.xEventGroupSetBits
                0x00000000       0xdc FreeRTOS/event_groups.o
 .text.xEventGroupSync
                0x00000000       0xce FreeRTOS/event_groups.o
 .text.vEventGroupDelete
                0x00000000       0x32 FreeRTOS/event_groups.o
 .text.vEventGroupSetBitsCallback
                0x00000000        0x8 FreeRTOS/event_groups.o
 .text.vEventGroupClearBitsCallback
                0x00000000        0x8 FreeRTOS/event_groups.o
 .debug_info    0x00000000      0x934 FreeRTOS/event_groups.o
 .debug_abbrev  0x00000000      0x26b FreeRTOS/event_groups.o
 .debug_loc     0x00000000      0xbba FreeRTOS/event_groups.o
 .debug_aranges
                0x00000000       0x60 FreeRTOS/event_groups.o
 .debug_ranges  0x00000000       0x68 FreeRTOS/event_groups.o
 .debug_line    0x00000000      0x2de FreeRTOS/event_groups.o
 .debug_str     0x00000000      0x57d FreeRTOS/event_groups.o
 .comment       0x00000000       0x31 FreeRTOS/event_groups.o
 .debug_frame   0x00000000      0x158 FreeRTOS/event_groups.o
 .text          0x00000000        0x0 FreeRTOS/list.o
 .data          0x00000000        0x0 FreeRTOS/list.o
 .bss           0x00000000        0x0 FreeRTOS/list.o
 .text          0x00000000        0x0 FreeRTOS/queue.o
 .data          0x00000000        0x0 FreeRTOS/queue.o
 .bss           0x00000000        0x0 FreeRTOS/queue.o
 .text.prvCopyDataToQueue
                0x00000000       0x96 FreeRTOS/queue.o
 .text.prvCopyDataFromQueue
                0x00000000       0x34 FreeRTOS/queue.o
 .text.prvUnlockQueue
                0x00000000       0x88 FreeRTOS/queue.o
 .text.xQueueGenericReset
                0x00000000       0x7a FreeRTOS/queue.o
 .text.xQueueGenericCreate
                0x00000000       0x5c FreeRTOS/queue.o
 .text.xQueueGenericSend
                0x00000000      0x144 FreeRTOS/queue.o
 .text.xQueueGenericSendFromISR
                0x00000000       0x6c FreeRTOS/queue.o
 .text.xQueueGiveFromISR
                0x00000000       0x52 FreeRTOS/queue.o
 .text.xQueueGenericReceive
                0x00000000      0x16a FreeRTOS/queue.o
 .text.xQueueReceiveFromISR
                0x00000000       0x6a FreeRTOS/queue.o
 .text.xQueuePeekFromISR
                0x00000000       0x2e FreeRTOS/queue.o
 .text.uxQueueMessagesWaiting
                0x00000000       0x10 FreeRTOS/queue.o
 .text.uxQueueSpacesAvailable
                0x00000000       0x16 FreeRTOS/queue.o
 .text.uxQueueMessagesWaitingFromISR
                0x00000000        0x6 FreeRTOS/queue.o
 .text.vQueueDelete
                0x00000000        0x6 FreeRTOS/queue.o
 .text.xQueueIsQueueEmptyFromISR
                0x00000000        0xc FreeRTOS/queue.o
 .text.xQueueIsQueueFullFromISR
                0x00000000        0xe FreeRTOS/queue.o
 .text.xQueueCRSend
                0x00000000       0x72 FreeRTOS/queue.o
 .text.xQueueCRReceive
                0x00000000       0x90 FreeRTOS/queue.o
 .text.xQueueCRSendFromISR
                0x00000000       0x42 FreeRTOS/queue.o
 .text.xQueueCRReceiveFromISR
                0x00000000       0x80 FreeRTOS/queue.o
 .debug_info    0x00000000     0x1417 FreeRTOS/queue.o
 .debug_abbrev  0x00000000      0x2f2 FreeRTOS/queue.o
 .debug_loc     0x00000000     0x1999 FreeRTOS/queue.o
 .debug_aranges
                0x00000000       0xc0 FreeRTOS/queue.o
 .debug_ranges  0x00000000      0x128 FreeRTOS/queue.o
 .debug_line    0x00000000      0x4dd FreeRTOS/queue.o
 .debug_str     0x00000000      0x755 FreeRTOS/queue.o
 .comment       0x00000000       0x31 FreeRTOS/queue.o
 .debug_frame   0x00000000      0x2d0 FreeRTOS/queue.o
 .text          0x00000000        0x0 FreeRTOS/tasks.o
 .data          0x00000000        0x0 FreeRTOS/tasks.o
 .bss           0x00000000        0x0 FreeRTOS/tasks.o
 .text.vTaskDelete
                0x00000000       0xaa FreeRTOS/tasks.o
 .text.vTaskEndScheduler
                0x00000000        0xc FreeRTOS/tasks.o
 .text.xTaskGetTickCount
                0x00000000       0x14 FreeRTOS/tasks.o
 .text.xTaskGetTickCountFromISR
                0x00000000        0xa FreeRTOS/tasks.o
 .text.uxTaskGetNumberOfTasks
                0x00000000        0x6 FreeRTOS/tasks.o
 .text.pcTaskGetName
                0x00000000       0x10 FreeRTOS/tasks.o
 .text.vTaskDelayUntil
                0x00000000       0x7a FreeRTOS/tasks.o
 .text.vTaskPlaceOnEventList
                0x00000000       0x24 FreeRTOS/tasks.o
 .text.vTaskPlaceOnUnorderedEventList
                0x00000000       0x32 FreeRTOS/tasks.o
 .text.xTaskRemoveFromEventList
                0x00000000       0x90 FreeRTOS/tasks.o
 .text.xTaskRemoveFromUnorderedEventList
                0x00000000       0x74 FreeRTOS/tasks.o
 .text.vTaskSetTimeOutState
                0x00000000       0x16 FreeRTOS/tasks.o
 .text.xTaskCheckForTimeOut
                0x00000000       0x66 FreeRTOS/tasks.o
 .text.vTaskMissedYield
                0x00000000        0x8 FreeRTOS/tasks.o
 .text.uxTaskResetEventItemValue
                0x00000000       0x2e FreeRTOS/tasks.o
 .text.ulTaskNotifyTake
                0x00000000       0xae FreeRTOS/tasks.o
 .text.xTaskNotifyWait
                0x00000000      0x108 FreeRTOS/tasks.o
 .text.xTaskGenericNotify
                0x00000000      0x10a FreeRTOS/tasks.o
 .text.xTaskGenericNotifyFromISR
                0x00000000      0x130 FreeRTOS/tasks.o
 .text.vTaskNotifyGiveFromISR
                0x00000000       0xb6 FreeRTOS/tasks.o
 .text.xTaskNotifyStateClear
                0x00000000       0x28 FreeRTOS/tasks.o
 .text          0x00000000        0x0 FreeRTOS/timers.o
 .data          0x00000000        0x0 FreeRTOS/timers.o
 .bss           0x00000000        0x0 FreeRTOS/timers.o
 .debug_info    0x00000000       0x64 FreeRTOS/timers.o
 .debug_abbrev  0x00000000       0x26 FreeRTOS/timers.o
 .debug_aranges
                0x00000000       0x18 FreeRTOS/timers.o
 .debug_line    0x00000000       0x1a FreeRTOS/timers.o
 .debug_str     0x00000000      0x15a FreeRTOS/timers.o
 .comment       0x00000000       0x31 FreeRTOS/timers.o
 .text          0x00000000        0x0 HD44780.o
 .data          0x00000000        0x0 HD44780.o
 .bss           0x00000000        0x0 HD44780.o
 .text.LCD_Home
                0x00000000       0x14 HD44780.o
 .text.LCD_Scroll
                0x00000000       0x30 HD44780.o
 .text.LCD_ShowCustomCharAt
                0x00000000       0x12 HD44780.o
 .text.LCD_LoadCustomCharAt
                0x00000000       0x30 HD44780.o
 .text.LCD_ShowCustomChar
                0x00000000        0x6 HD44780.o
 .text          0x00000000        0x0 lcd_custom_sym.o
 .data          0x00000000        0x0 lcd_custom_sym.o
 .bss           0x00000000        0x0 lcd_custom_sym.o
 .text          0x00000000        0x0 main.o
 .data          0x00000000        0x0 main.o
 .bss           0x00000000        0x0 main.o
 .text          0x00000000        0x0 portable/heap_1.o
 .data          0x00000000        0x0 portable/heap_1.o
 .bss           0x00000000        0x0 portable/heap_1.o
 .debug_line    0x00000000        0x0 portable/heap_1.o
 .debug_str     0x00000000        0x0 portable/heap_1.o
 .comment       0x00000000       0x31 portable/heap_1.o
 .text          0x00000000        0x0 portable/heap_2.o
 .data          0x00000000        0x0 portable/heap_2.o
 .bss           0x00000000        0x0 portable/heap_2.o
 .debug_line    0x00000000        0x0 portable/heap_2.o
 .debug_str     0x00000000        0x0 portable/heap_2.o
 .comment       0x00000000       0x31 portable/heap_2.o
 .text          0x00000000        0x0 portable/heap_3.o
 .data          0x00000000        0x0 portable/heap_3.o
 .bss           0x00000000        0x0 portable/heap_3.o
 .text          0x00000000        0x0 portable/heap_4.o
 .data          0x00000000        0x0 portable/heap_4.o
 .bss           0x00000000        0x0 portable/heap_4.o
 .debug_line    0x00000000        0x0 portable/heap_4.o
 .debug_str     0x00000000        0x0 portable/heap_4.o
 .comment       0x00000000       0x31 portable/heap_4.o
 .text          0x00000000        0x0 portable/heap_5.o
 .data          0x00000000        0x0 portable/heap_5.o
 .bss           0x00000000        0x0 portable/heap_5.o
 .debug_line    0x00000000        0x0 portable/heap_5.o
 .debug_str     0x00000000        0x0 portable/heap_5.o
 .comment       0x00000000       0x31 portable/heap_5.o
 .text          0x00000000        0x0 portable/port.o
 .data          0x00000000        0x0 portable/port.o
 .bss           0x00000000        0x0 portable/port.o
 .text.vPortEndScheduler
                0x00000000        0x2 portable/port.o
 .text          0x00000000        0x0 z_adc.o
 .data          0x00000000        0x0 z_adc.o
 .bss           0x00000000        0x0 z_adc.o
 .text          0x00000000        0x0 z_display.o
 .data          0x00000000        0x0 z_display.o
 .bss           0x00000000        0x0 z_display.o
 .text          0x00000000        0x0 z_events.o
 .data          0x00000000        0x0 z_events.o
 .bss           0x00000000        0x0 z_events.o
 .text          0x00000000        0x0 z_inputs.o
 .data          0x00000000        0x0 z_inputs.o
 .bss           0x00000000        0x0 z_inputs.o
 .text          0x00000000        0x0 z_pwm.o
 .data          0x00000000        0x0 z_pwm.o
 .bss           0x00000000        0x0 z_pwm.o
 .text          0x00000000        0x0 c:/program files (x86)/atmel/atmel toolchain/avr8 gcc/native/3.4.1061/avr8-gnu-toolchain/bin/../lib/gcc/avr/4.8.1/../../../../avr/lib/avr5\libm.a(addsf3.o)
 .data          0x00000000        0x0 c:/program files (x86)/atmel/atmel toolchain/avr8 gcc/native/3.4.1061/avr8-gnu-toolchain/bin/../lib/gcc/avr/4.8.1/../../../../avr/lib/avr5\libm.a(addsf3.o)
 .bss           0x00000000        0x0 c:/program files (x86)/atmel/atmel toolchain/avr8 gcc/native/3.4.1061/avr8-gnu-toolchain/bin/../lib/gcc/avr/4.8.1/../../../../avr/lib/avr5\libm.a(addsf3.o)
 .text          0x00000000        0x0 c:/program files (x86)/atmel/atmel toolchain/avr8 gcc/native/3.4.1061/avr8-gnu-toolchain/bin/../lib/gcc/avr/4.8.1/../../../../avr/lib/avr5\libm.a(addsf3x.o)
 .data          0x00000000        0x0 c:/program files (x86)/atmel/atmel toolchain/avr8 gcc/native/3.4.1061/avr8-gnu-toolchain/bin/../lib/gcc/avr/4.8.1/../../../../avr/lib/avr5\libm.a(addsf3x.o)
 .bss           0x00000000        0x0 c:/program files (x86)/atmel/atmel toolchain/avr8 gcc/native/3.4.1061/avr8-gnu-toolchain/bin/../lib/gcc/avr/4.8.1/../../../../avr/lib/avr5\libm.a(addsf3x.o)
 .text          0x00000000        0x0 c:/program files (x86)/atmel/atmel toolchain/avr8 gcc/native/3.4.1061/avr8-gnu-toolchain/bin/../lib/gcc/avr/4.8.1/../../../../avr/lib/avr5\libm.a(cmpsf2.o)
 .data          0x00000000        0x0 c:/program files (x86)/atmel/atmel toolchain/avr8 gcc/native/3.4.1061/avr8-gnu-toolchain/bin/../lib/gcc/avr/4.8.1/../../../../avr/lib/avr5\libm.a(cmpsf2.o)
 .bss           0x00000000        0x0 c:/program files (x86)/atmel/atmel toolchain/avr8 gcc/native/3.4.1061/avr8-gnu-toolchain/bin/../lib/gcc/avr/4.8.1/../../../../avr/lib/avr5\libm.a(cmpsf2.o)
 .text          0x00000000        0x0 c:/program files (x86)/atmel/atmel toolchain/avr8 gcc/native/3.4.1061/avr8-gnu-toolchain/bin/../lib/gcc/avr/4.8.1/../../../../avr/lib/avr5\libm.a(divsf3.o)
 .data          0x00000000        0x0 c:/program files (x86)/atmel/atmel toolchain/avr8 gcc/native/3.4.1061/avr8-gnu-toolchain/bin/../lib/gcc/avr/4.8.1/../../../../avr/lib/avr5\libm.a(divsf3.o)
 .bss           0x00000000        0x0 c:/program files (x86)/atmel/atmel toolchain/avr8 gcc/native/3.4.1061/avr8-gnu-toolchain/bin/../lib/gcc/avr/4.8.1/../../../../avr/lib/avr5\libm.a(divsf3.o)
 .text          0x00000000        0x0 c:/program files (x86)/atmel/atmel toolchain/avr8 gcc/native/3.4.1061/avr8-gnu-toolchain/bin/../lib/gcc/avr/4.8.1/../../../../avr/lib/avr5\libm.a(divsf3x.o)
 .data          0x00000000        0x0 c:/program files (x86)/atmel/atmel toolchain/avr8 gcc/native/3.4.1061/avr8-gnu-toolchain/bin/../lib/gcc/avr/4.8.1/../../../../avr/lib/avr5\libm.a(divsf3x.o)
 .bss           0x00000000        0x0 c:/program files (x86)/atmel/atmel toolchain/avr8 gcc/native/3.4.1061/avr8-gnu-toolchain/bin/../lib/gcc/avr/4.8.1/../../../../avr/lib/avr5\libm.a(divsf3x.o)
 .text          0x00000000        0x0 c:/program files (x86)/atmel/atmel toolchain/avr8 gcc/native/3.4.1061/avr8-gnu-toolchain/bin/../lib/gcc/avr/4.8.1/../../../../avr/lib/avr5\libm.a(fixsfsi.o)
 .data          0x00000000        0x0 c:/program files (x86)/atmel/atmel toolchain/avr8 gcc/native/3.4.1061/avr8-gnu-toolchain/bin/../lib/gcc/avr/4.8.1/../../../../avr/lib/avr5\libm.a(fixsfsi.o)
 .bss           0x00000000        0x0 c:/program files (x86)/atmel/atmel toolchain/avr8 gcc/native/3.4.1061/avr8-gnu-toolchain/bin/../lib/gcc/avr/4.8.1/../../../../avr/lib/avr5\libm.a(fixsfsi.o)
 .text          0x00000000        0x0 c:/program files (x86)/atmel/atmel toolchain/avr8 gcc/native/3.4.1061/avr8-gnu-toolchain/bin/../lib/gcc/avr/4.8.1/../../../../avr/lib/avr5\libm.a(fixunssfsi.o)
 .data          0x00000000        0x0 c:/program files (x86)/atmel/atmel toolchain/avr8 gcc/native/3.4.1061/avr8-gnu-toolchain/bin/../lib/gcc/avr/4.8.1/../../../../avr/lib/avr5\libm.a(fixunssfsi.o)
 .bss           0x00000000        0x0 c:/program files (x86)/atmel/atmel toolchain/avr8 gcc/native/3.4.1061/avr8-gnu-toolchain/bin/../lib/gcc/avr/4.8.1/../../../../avr/lib/avr5\libm.a(fixunssfsi.o)
 .text          0x00000000        0x0 c:/program files (x86)/atmel/atmel toolchain/avr8 gcc/native/3.4.1061/avr8-gnu-toolchain/bin/../lib/gcc/avr/4.8.1/../../../../avr/lib/avr5\libm.a(floatsisf.o)
 .data          0x00000000        0x0 c:/program files (x86)/atmel/atmel toolchain/avr8 gcc/native/3.4.1061/avr8-gnu-toolchain/bin/../lib/gcc/avr/4.8.1/../../../../avr/lib/avr5\libm.a(floatsisf.o)
 .bss           0x00000000        0x0 c:/program files (x86)/atmel/atmel toolchain/avr8 gcc/native/3.4.1061/avr8-gnu-toolchain/bin/../lib/gcc/avr/4.8.1/../../../../avr/lib/avr5\libm.a(floatsisf.o)
 .text          0x00000000        0x0 c:/program files (x86)/atmel/atmel toolchain/avr8 gcc/native/3.4.1061/avr8-gnu-toolchain/bin/../lib/gcc/avr/4.8.1/../../../../avr/lib/avr5\libm.a(fp_cmp.o)
 .data          0x00000000        0x0 c:/program files (x86)/atmel/atmel toolchain/avr8 gcc/native/3.4.1061/avr8-gnu-toolchain/bin/../lib/gcc/avr/4.8.1/../../../../avr/lib/avr5\libm.a(fp_cmp.o)
 .bss           0x00000000        0x0 c:/program files (x86)/atmel/atmel toolchain/avr8 gcc/native/3.4.1061/avr8-gnu-toolchain/bin/../lib/gcc/avr/4.8.1/../../../../avr/lib/avr5\libm.a(fp_cmp.o)
 .text          0x00000000        0x0 c:/program files (x86)/atmel/atmel toolchain/avr8 gcc/native/3.4.1061/avr8-gnu-toolchain/bin/../lib/gcc/avr/4.8.1/../../../../avr/lib/avr5\libm.a(fp_inf.o)
 .data          0x00000000        0x0 c:/program files (x86)/atmel/atmel toolchain/avr8 gcc/native/3.4.1061/avr8-gnu-toolchain/bin/../lib/gcc/avr/4.8.1/../../../../avr/lib/avr5\libm.a(fp_inf.o)
 .bss           0x00000000        0x0 c:/program files (x86)/atmel/atmel toolchain/avr8 gcc/native/3.4.1061/avr8-gnu-toolchain/bin/../lib/gcc/avr/4.8.1/../../../../avr/lib/avr5\libm.a(fp_inf.o)
 .text          0x00000000        0x0 c:/program files (x86)/atmel/atmel toolchain/avr8 gcc/native/3.4.1061/avr8-gnu-toolchain/bin/../lib/gcc/avr/4.8.1/../../../../avr/lib/avr5\libm.a(fp_nan.o)
 .data          0x00000000        0x0 c:/program files (x86)/atmel/atmel toolchain/avr8 gcc/native/3.4.1061/avr8-gnu-toolchain/bin/../lib/gcc/avr/4.8.1/../../../../avr/lib/avr5\libm.a(fp_nan.o)
 .bss           0x00000000        0x0 c:/program files (x86)/atmel/atmel toolchain/avr8 gcc/native/3.4.1061/avr8-gnu-toolchain/bin/../lib/gcc/avr/4.8.1/../../../../avr/lib/avr5\libm.a(fp_nan.o)
 .text          0x00000000        0x0 c:/program files (x86)/atmel/atmel toolchain/avr8 gcc/native/3.4.1061/avr8-gnu-toolchain/bin/../lib/gcc/avr/4.8.1/../../../../avr/lib/avr5\libm.a(fp_pscA.o)
 .data          0x00000000        0x0 c:/program files (x86)/atmel/atmel toolchain/avr8 gcc/native/3.4.1061/avr8-gnu-toolchain/bin/../lib/gcc/avr/4.8.1/../../../../avr/lib/avr5\libm.a(fp_pscA.o)
 .bss           0x00000000        0x0 c:/program files (x86)/atmel/atmel toolchain/avr8 gcc/native/3.4.1061/avr8-gnu-toolchain/bin/../lib/gcc/avr/4.8.1/../../../../avr/lib/avr5\libm.a(fp_pscA.o)
 .text          0x00000000        0x0 c:/program files (x86)/atmel/atmel toolchain/avr8 gcc/native/3.4.1061/avr8-gnu-toolchain/bin/../lib/gcc/avr/4.8.1/../../../../avr/lib/avr5\libm.a(fp_pscB.o)
 .data          0x00000000        0x0 c:/program files (x86)/atmel/atmel toolchain/avr8 gcc/native/3.4.1061/avr8-gnu-toolchain/bin/../lib/gcc/avr/4.8.1/../../../../avr/lib/avr5\libm.a(fp_pscB.o)
 .bss           0x00000000        0x0 c:/program files (x86)/atmel/atmel toolchain/avr8 gcc/native/3.4.1061/avr8-gnu-toolchain/bin/../lib/gcc/avr/4.8.1/../../../../avr/lib/avr5\libm.a(fp_pscB.o)
 .text          0x00000000        0x0 c:/program files (x86)/atmel/atmel toolchain/avr8 gcc/native/3.4.1061/avr8-gnu-toolchain/bin/../lib/gcc/avr/4.8.1/../../../../avr/lib/avr5\libm.a(fp_round.o)
 .data          0x00000000        0x0 c:/program files (x86)/atmel/atmel toolchain/avr8 gcc/native/3.4.1061/avr8-gnu-toolchain/bin/../lib/gcc/avr/4.8.1/../../../../avr/lib/avr5\libm.a(fp_round.o)
 .bss           0x00000000        0x0 c:/program files (x86)/atmel/atmel toolchain/avr8 gcc/native/3.4.1061/avr8-gnu-toolchain/bin/../lib/gcc/avr/4.8.1/../../../../avr/lib/avr5\libm.a(fp_round.o)
 .text          0x00000000        0x0 c:/program files (x86)/atmel/atmel toolchain/avr8 gcc/native/3.4.1061/avr8-gnu-toolchain/bin/../lib/gcc/avr/4.8.1/../../../../avr/lib/avr5\libm.a(fp_split3.o)
 .data          0x00000000        0x0 c:/program files (x86)/atmel/atmel toolchain/avr8 gcc/native/3.4.1061/avr8-gnu-toolchain/bin/../lib/gcc/avr/4.8.1/../../../../avr/lib/avr5\libm.a(fp_split3.o)
 .bss           0x00000000        0x0 c:/program files (x86)/atmel/atmel toolchain/avr8 gcc/native/3.4.1061/avr8-gnu-toolchain/bin/../lib/gcc/avr/4.8.1/../../../../avr/lib/avr5\libm.a(fp_split3.o)
 .text          0x00000000        0x0 c:/program files (x86)/atmel/atmel toolchain/avr8 gcc/native/3.4.1061/avr8-gnu-toolchain/bin/../lib/gcc/avr/4.8.1/../../../../avr/lib/avr5\libm.a(fp_zero.o)
 .data          0x00000000        0x0 c:/program files (x86)/atmel/atmel toolchain/avr8 gcc/native/3.4.1061/avr8-gnu-toolchain/bin/../lib/gcc/avr/4.8.1/../../../../avr/lib/avr5\libm.a(fp_zero.o)
 .bss           0x00000000        0x0 c:/program files (x86)/atmel/atmel toolchain/avr8 gcc/native/3.4.1061/avr8-gnu-toolchain/bin/../lib/gcc/avr/4.8.1/../../../../avr/lib/avr5\libm.a(fp_zero.o)
 .text          0x00000000        0x0 c:/program files (x86)/atmel/atmel toolchain/avr8 gcc/native/3.4.1061/avr8-gnu-toolchain/bin/../lib/gcc/avr/4.8.1/../../../../avr/lib/avr5\libm.a(gesf2.o)
 .data          0x00000000        0x0 c:/program files (x86)/atmel/atmel toolchain/avr8 gcc/native/3.4.1061/avr8-gnu-toolchain/bin/../lib/gcc/avr/4.8.1/../../../../avr/lib/avr5\libm.a(gesf2.o)
 .bss           0x00000000        0x0 c:/program files (x86)/atmel/atmel toolchain/avr8 gcc/native/3.4.1061/avr8-gnu-toolchain/bin/../lib/gcc/avr/4.8.1/../../../../avr/lib/avr5\libm.a(gesf2.o)
 .text          0x00000000        0x0 c:/program files (x86)/atmel/atmel toolchain/avr8 gcc/native/3.4.1061/avr8-gnu-toolchain/bin/../lib/gcc/avr/4.8.1/avr5\libgcc.a(_exit.o)
 .data          0x00000000        0x0 c:/program files (x86)/atmel/atmel toolchain/avr8 gcc/native/3.4.1061/avr8-gnu-toolchain/bin/../lib/gcc/avr/4.8.1/avr5\libgcc.a(_exit.o)
 .bss           0x00000000        0x0 c:/program files (x86)/atmel/atmel toolchain/avr8 gcc/native/3.4.1061/avr8-gnu-toolchain/bin/../lib/gcc/avr/4.8.1/avr5\libgcc.a(_exit.o)
 .text.libgcc.mul
                0x00000000        0x0 c:/program files (x86)/atmel/atmel toolchain/avr8 gcc/native/3.4.1061/avr8-gnu-toolchain/bin/../lib/gcc/avr/4.8.1/avr5\libgcc.a(_exit.o)
 .text.libgcc.div
                0x00000000        0x0 c:/program files (x86)/atmel/atmel toolchain/avr8 gcc/native/3.4.1061/avr8-gnu-toolchain/bin/../lib/gcc/avr/4.8.1/avr5\libgcc.a(_exit.o)
 .text.libgcc   0x00000000        0x0 c:/program files (x86)/atmel/atmel toolchain/avr8 gcc/native/3.4.1061/avr8-gnu-toolchain/bin/../lib/gcc/avr/4.8.1/avr5\libgcc.a(_exit.o)
 .text.libgcc.prologue
                0x00000000        0x0 c:/program files (x86)/atmel/atmel toolchain/avr8 gcc/native/3.4.1061/avr8-gnu-toolchain/bin/../lib/gcc/avr/4.8.1/avr5\libgcc.a(_exit.o)
 .text.libgcc.builtins
                0x00000000        0x0 c:/program files (x86)/atmel/atmel toolchain/avr8 gcc/native/3.4.1061/avr8-gnu-toolchain/bin/../lib/gcc/avr/4.8.1/avr5\libgcc.a(_exit.o)
 .text.libgcc.fmul
                0x00000000        0x0 c:/program files (x86)/atmel/atmel toolchain/avr8 gcc/native/3.4.1061/avr8-gnu-toolchain/bin/../lib/gcc/avr/4.8.1/avr5\libgcc.a(_exit.o)
 .text.libgcc.fixed
                0x00000000        0x0 c:/program files (x86)/atmel/atmel toolchain/avr8 gcc/native/3.4.1061/avr8-gnu-toolchain/bin/../lib/gcc/avr/4.8.1/avr5\libgcc.a(_exit.o)
 .text          0x00000000        0x0 c:/program files (x86)/atmel/atmel toolchain/avr8 gcc/native/3.4.1061/avr8-gnu-toolchain/bin/../lib/gcc/avr/4.8.1/avr5\libgcc.a(_copy_data.o)
 .data          0x00000000        0x0 c:/program files (x86)/atmel/atmel toolchain/avr8 gcc/native/3.4.1061/avr8-gnu-toolchain/bin/../lib/gcc/avr/4.8.1/avr5\libgcc.a(_copy_data.o)
 .bss           0x00000000        0x0 c:/program files (x86)/atmel/atmel toolchain/avr8 gcc/native/3.4.1061/avr8-gnu-toolchain/bin/../lib/gcc/avr/4.8.1/avr5\libgcc.a(_copy_data.o)
 .text.libgcc.mul
                0x00000000        0x0 c:/program files (x86)/atmel/atmel toolchain/avr8 gcc/native/3.4.1061/avr8-gnu-toolchain/bin/../lib/gcc/avr/4.8.1/avr5\libgcc.a(_copy_data.o)
 .text.libgcc.div
                0x00000000        0x0 c:/program files (x86)/atmel/atmel toolchain/avr8 gcc/native/3.4.1061/avr8-gnu-toolchain/bin/../lib/gcc/avr/4.8.1/avr5\libgcc.a(_copy_data.o)
 .text.libgcc   0x00000000        0x0 c:/program files (x86)/atmel/atmel toolchain/avr8 gcc/native/3.4.1061/avr8-gnu-toolchain/bin/../lib/gcc/avr/4.8.1/avr5\libgcc.a(_copy_data.o)
 .text.libgcc.prologue
                0x00000000        0x0 c:/program files (x86)/atmel/atmel toolchain/avr8 gcc/native/3.4.1061/avr8-gnu-toolchain/bin/../lib/gcc/avr/4.8.1/avr5\libgcc.a(_copy_data.o)
 .text.libgcc.builtins
                0x00000000        0x0 c:/program files (x86)/atmel/atmel toolchain/avr8 gcc/native/3.4.1061/avr8-gnu-toolchain/bin/../lib/gcc/avr/4.8.1/avr5\libgcc.a(_copy_data.o)
 .text.libgcc.fmul
                0x00000000        0x0 c:/program files (x86)/atmel/atmel toolchain/avr8 gcc/native/3.4.1061/avr8-gnu-toolchain/bin/../lib/gcc/avr/4.8.1/avr5\libgcc.a(_copy_data.o)
 .text.libgcc.fixed
                0x00000000        0x0 c:/program files (x86)/atmel/atmel toolchain/avr8 gcc/native/3.4.1061/avr8-gnu-toolchain/bin/../lib/gcc/avr/4.8.1/avr5\libgcc.a(_copy_data.o)
 .text          0x00000000        0x0 c:/program files (x86)/atmel/atmel toolchain/avr8 gcc/native/3.4.1061/avr8-gnu-toolchain/bin/../lib/gcc/avr/4.8.1/avr5\libgcc.a(_clear_bss.o)
 .data          0x00000000        0x0 c:/program files (x86)/atmel/atmel toolchain/avr8 gcc/native/3.4.1061/avr8-gnu-toolchain/bin/../lib/gcc/avr/4.8.1/avr5\libgcc.a(_clear_bss.o)
 .bss           0x00000000        0x0 c:/program files (x86)/atmel/atmel toolchain/avr8 gcc/native/3.4.1061/avr8-gnu-toolchain/bin/../lib/gcc/avr/4.8.1/avr5\libgcc.a(_clear_bss.o)
 .text.libgcc.mul
                0x00000000        0x0 c:/program files (x86)/atmel/atmel toolchain/avr8 gcc/native/3.4.1061/avr8-gnu-toolchain/bin/../lib/gcc/avr/4.8.1/avr5\libgcc.a(_clear_bss.o)
 .text.libgcc.div
                0x00000000        0x0 c:/program files (x86)/atmel/atmel toolchain/avr8 gcc/native/3.4.1061/avr8-gnu-toolchain/bin/../lib/gcc/avr/4.8.1/avr5\libgcc.a(_clear_bss.o)
 .text.libgcc   0x00000000        0x0 c:/program files (x86)/atmel/atmel toolchain/avr8 gcc/native/3.4.1061/avr8-gnu-toolchain/bin/../lib/gcc/avr/4.8.1/avr5\libgcc.a(_clear_bss.o)
 .text.libgcc.prologue
                0x00000000        0x0 c:/program files (x86)/atmel/atmel toolchain/avr8 gcc/native/3.4.1061/avr8-gnu-toolchain/bin/../lib/gcc/avr/4.8.1/avr5\libgcc.a(_clear_bss.o)
 .text.libgcc.builtins
                0x00000000        0x0 c:/program files (x86)/atmel/atmel toolchain/avr8 gcc/native/3.4.1061/avr8-gnu-toolchain/bin/../lib/gcc/avr/4.8.1/avr5\libgcc.a(_clear_bss.o)
 .text.libgcc.fmul
                0x00000000        0x0 c:/program files (x86)/atmel/atmel toolchain/avr8 gcc/native/3.4.1061/avr8-gnu-toolchain/bin/../lib/gcc/avr/4.8.1/avr5\libgcc.a(_clear_bss.o)
 .text.libgcc.fixed
                0x00000000        0x0 c:/program files (x86)/atmel/atmel toolchain/avr8 gcc/native/3.4.1061/avr8-gnu-toolchain/bin/../lib/gcc/avr/4.8.1/avr5\libgcc.a(_clear_bss.o)
 .text          0x00000000        0x0 c:/program files (x86)/atmel/atmel toolchain/avr8 gcc/native/3.4.1061/avr8-gnu-toolchain/bin/../lib/gcc/avr/4.8.1/../../../../avr/lib/avr5\libc.a(malloc.o)
 .bss           0x00000000        0x0 c:/program files (x86)/atmel/atmel toolchain/avr8 gcc/native/3.4.1061/avr8-gnu-toolchain/bin/../lib/gcc/avr/4.8.1/../../../../avr/lib/avr5\libc.a(malloc.o)
 .text          0x00000000        0x0 c:/program files (x86)/atmel/atmel toolchain/avr8 gcc/native/3.4.1061/avr8-gnu-toolchain/bin/../lib/gcc/avr/4.8.1/../../../../avr/lib/avr5\libc.a(memcpy.o)
 .data          0x00000000        0x0 c:/program files (x86)/atmel/atmel toolchain/avr8 gcc/native/3.4.1061/avr8-gnu-toolchain/bin/../lib/gcc/avr/4.8.1/../../../../avr/lib/avr5\libc.a(memcpy.o)
 .bss           0x00000000        0x0 c:/program files (x86)/atmel/atmel toolchain/avr8 gcc/native/3.4.1061/avr8-gnu-toolchain/bin/../lib/gcc/avr/4.8.1/../../../../avr/lib/avr5\libc.a(memcpy.o)
 .text.avr-libc
                0x00000000       0x12 c:/program files (x86)/atmel/atmel toolchain/avr8 gcc/native/3.4.1061/avr8-gnu-toolchain/bin/../lib/gcc/avr/4.8.1/../../../../avr/lib/avr5\libc.a(memcpy.o)
 .text          0x00000000        0x0 c:/program files (x86)/atmel/atmel toolchain/avr8 gcc/native/3.4.1061/avr8-gnu-toolchain/bin/../lib/gcc/avr/4.8.1/../../../../avr/lib/avr5\libc.a(itoa.o)
 .data          0x00000000        0x0 c:/program files (x86)/atmel/atmel toolchain/avr8 gcc/native/3.4.1061/avr8-gnu-toolchain/bin/../lib/gcc/avr/4.8.1/../../../../avr/lib/avr5\libc.a(itoa.o)
 .bss           0x00000000        0x0 c:/program files (x86)/atmel/atmel toolchain/avr8 gcc/native/3.4.1061/avr8-gnu-toolchain/bin/../lib/gcc/avr/4.8.1/../../../../avr/lib/avr5\libc.a(itoa.o)
 .text          0x00000000        0x0 c:/program files (x86)/atmel/atmel toolchain/avr8 gcc/native/3.4.1061/avr8-gnu-toolchain/bin/../lib/gcc/avr/4.8.1/../../../../avr/lib/avr5\libc.a(itoa_ncheck.o)
 .data          0x00000000        0x0 c:/program files (x86)/atmel/atmel toolchain/avr8 gcc/native/3.4.1061/avr8-gnu-toolchain/bin/../lib/gcc/avr/4.8.1/../../../../avr/lib/avr5\libc.a(itoa_ncheck.o)
 .bss           0x00000000        0x0 c:/program files (x86)/atmel/atmel toolchain/avr8 gcc/native/3.4.1061/avr8-gnu-toolchain/bin/../lib/gcc/avr/4.8.1/../../../../avr/lib/avr5\libc.a(itoa_ncheck.o)
 .text          0x00000000        0x0 c:/program files (x86)/atmel/atmel toolchain/avr8 gcc/native/3.4.1061/avr8-gnu-toolchain/bin/../lib/gcc/avr/4.8.1/../../../../avr/lib/avr5\libc.a(utoa_ncheck.o)
 .data          0x00000000        0x0 c:/program files (x86)/atmel/atmel toolchain/avr8 gcc/native/3.4.1061/avr8-gnu-toolchain/bin/../lib/gcc/avr/4.8.1/../../../../avr/lib/avr5\libc.a(utoa_ncheck.o)
 .bss           0x00000000        0x0 c:/program files (x86)/atmel/atmel toolchain/avr8 gcc/native/3.4.1061/avr8-gnu-toolchain/bin/../lib/gcc/avr/4.8.1/../../../../avr/lib/avr5\libc.a(utoa_ncheck.o)
 .text          0x00000000        0x0 c:/program files (x86)/atmel/atmel toolchain/avr8 gcc/native/3.4.1061/avr8-gnu-toolchain/bin/../lib/gcc/avr/4.8.1/../../../../avr/lib/avr5\libc.a(eerd_block_atmega32.o)
 .data          0x00000000        0x0 c:/program files (x86)/atmel/atmel toolchain/avr8 gcc/native/3.4.1061/avr8-gnu-toolchain/bin/../lib/gcc/avr/4.8.1/../../../../avr/lib/avr5\libc.a(eerd_block_atmega32.o)
 .bss           0x00000000        0x0 c:/program files (x86)/atmel/atmel toolchain/avr8 gcc/native/3.4.1061/avr8-gnu-toolchain/bin/../lib/gcc/avr/4.8.1/../../../../avr/lib/avr5\libc.a(eerd_block_atmega32.o)
 .text          0x00000000        0x0 c:/program files (x86)/atmel/atmel toolchain/avr8 gcc/native/3.4.1061/avr8-gnu-toolchain/bin/../lib/gcc/avr/4.8.1/../../../../avr/lib/avr5\libc.a(eewr_byte_atmega32.o)
 .data          0x00000000        0x0 c:/program files (x86)/atmel/atmel toolchain/avr8 gcc/native/3.4.1061/avr8-gnu-toolchain/bin/../lib/gcc/avr/4.8.1/../../../../avr/lib/avr5\libc.a(eewr_byte_atmega32.o)
 .bss           0x00000000        0x0 c:/program files (x86)/atmel/atmel toolchain/avr8 gcc/native/3.4.1061/avr8-gnu-toolchain/bin/../lib/gcc/avr/4.8.1/../../../../avr/lib/avr5\libc.a(eewr_byte_atmega32.o)
 .text          0x00000000        0x0 c:/program files (x86)/atmel/atmel toolchain/avr8 gcc/native/3.4.1061/avr8-gnu-toolchain/bin/../lib/gcc/avr/4.8.1/../../../../avr/lib/avr5\libc.a(strrev.o)
 .data          0x00000000        0x0 c:/program files (x86)/atmel/atmel toolchain/avr8 gcc/native/3.4.1061/avr8-gnu-toolchain/bin/../lib/gcc/avr/4.8.1/../../../../avr/lib/avr5\libc.a(strrev.o)
 .bss           0x00000000        0x0 c:/program files (x86)/atmel/atmel toolchain/avr8 gcc/native/3.4.1061/avr8-gnu-toolchain/bin/../lib/gcc/avr/4.8.1/../../../../avr/lib/avr5\libc.a(strrev.o)

Memory Configuration

Name             Origin             Length             Attributes
text             0x00000000         0x00020000         xr
data             0x00800060         0x0000ffa0         rw !x
eeprom           0x00810000         0x00010000         rw !x
fuse             0x00820000         0x00000400         rw !x
lock             0x00830000         0x00000400         rw !x
signature        0x00840000         0x00000400         rw !x
user_signatures  0x00850000         0x00000400         rw !x
*default*        0x00000000         0xffffffff

Linker script and memory map

LOAD c:/program files (x86)/atmel/atmel toolchain/avr8 gcc/native/3.4.1061/avr8-gnu-toolchain/bin/../lib/gcc/avr/4.8.1/../../../../avr/lib/avr5/crtm32.o
LOAD FreeRTOS/croutine.o
LOAD FreeRTOS/event_groups.o
LOAD FreeRTOS/list.o
LOAD FreeRTOS/queue.o
LOAD FreeRTOS/tasks.o
LOAD FreeRTOS/timers.o
LOAD HD44780.o
LOAD lcd_custom_sym.o
LOAD main.o
LOAD portable/heap_1.o
LOAD portable/heap_2.o
LOAD portable/heap_3.o
LOAD portable/heap_4.o
LOAD portable/heap_5.o
LOAD portable/port.o
LOAD z_adc.o
LOAD z_display.o
LOAD z_events.o
LOAD z_inputs.o
LOAD z_pwm.o
START GROUP
LOAD c:/program files (x86)/atmel/atmel toolchain/avr8 gcc/native/3.4.1061/avr8-gnu-toolchain/bin/../lib/gcc/avr/4.8.1/../../../../avr/lib/avr5\libm.a
END GROUP
LOAD c:/program files (x86)/atmel/atmel toolchain/avr8 gcc/native/3.4.1061/avr8-gnu-toolchain/bin/../lib/gcc/avr/4.8.1/avr5\libgcc.a
LOAD c:/program files (x86)/atmel/atmel toolchain/avr8 gcc/native/3.4.1061/avr8-gnu-toolchain/bin/../lib/gcc/avr/4.8.1/../../../../avr/lib/avr5\libm.a
START GROUP
LOAD c:/program files (x86)/atmel/atmel toolchain/avr8 gcc/native/3.4.1061/avr8-gnu-toolchain/bin/../lib/gcc/avr/4.8.1/avr5\libgcc.a
LOAD c:/program files (x86)/atmel/atmel toolchain/avr8 gcc/native/3.4.1061/avr8-gnu-toolchain/bin/../lib/gcc/avr/4.8.1/../../../../avr/lib/avr5\libm.a
LOAD c:/program files (x86)/atmel/atmel toolchain/avr8 gcc/native/3.4.1061/avr8-gnu-toolchain/bin/../lib/gcc/avr/4.8.1/../../../../avr/lib/avr5\libc.a
END GROUP

.hash
 *(.hash)

.dynsym
 *(.dynsym)

.dynstr
 *(.dynstr)

.gnu.version
 *(.gnu.version)

.gnu.version_d
 *(.gnu.version_d)

.gnu.version_r
 *(.gnu.version_r)

.rel.init
 *(.rel.init)

.rela.init
 *(.rela.init)

.rel.text
 *(.rel.text)
 *(.rel.text.*)
 *(.rel.gnu.linkonce.t*)

.rela.text
 *(.rela.text)
 *(.rela.text.*)
 *(.rela.gnu.linkonce.t*)

.rel.fini
 *(.rel.fini)

.rela.fini
 *(.rela.fini)

.rel.rodata
 *(.rel.rodata)
 *(.rel.rodata.*)
 *(.rel.gnu.linkonce.r*)

.rela.rodata
 *(.rela.rodata)
 *(.rela.rodata.*)
 *(.rela.gnu.linkonce.r*)

.rel.data
 *(.rel.data)
 *(.rel.data.*)
 *(.rel.gnu.linkonce.d*)

.rela.data
 *(.rela.data)
 *(.rela.data.*)
 *(.rela.gnu.linkonce.d*)

.rel.ctors
 *(.rel.ctors)

.rela.ctors
 *(.rela.ctors)

.rel.dtors
 *(.rel.dtors)

.rela.dtors
 *(.rela.dtors)

.rel.got
 *(.rel.got)

.rela.got
 *(.rela.got)

.rel.bss
 *(.rel.bss)

.rela.bss
 *(.rela.bss)

.rel.plt
 *(.rel.plt)

.rela.plt
 *(.rela.plt)

.text           0x00000000     0x1c62
 *(.vectors)
 .vectors       0x00000000       0x54 c:/program files (x86)/atmel/atmel toolchain/avr8 gcc/native/3.4.1061/avr8-gnu-toolchain/bin/../lib/gcc/avr/4.8.1/../../../../avr/lib/avr5/crtm32.o
                0x00000000                __vector_default
                0x00000000                __vectors
 *(.vectors)
 *(.progmem.gcc*)
                0x00000054                . = ALIGN (0x2)
                0x00000054                __trampolines_start = .
 *(.trampolines)
 .trampolines   0x00000054        0x0 linker stubs
 *(.trampolines*)
                0x00000054                __trampolines_end = .
 *(.progmem*)
 .progmem.data.lcd_custom_sym
                0x00000054       0x40 lcd_custom_sym.o
                0x00000054                lcd_custom_sym
                0x00000094                . = ALIGN (0x2)
 *(.jumptables)
 *(.jumptables*)
 *(.lowtext)
 *(.lowtext*)
                0x00000094                __ctors_start = .
 *(.ctors)
                0x00000094                __ctors_end = .
                0x00000094                __dtors_start = .
 *(.dtors)
                0x00000094                __dtors_end = .
 SORT(*)(.ctors)
 SORT(*)(.dtors)
 *(.init0)
 .init0         0x00000094        0x0 c:/program files (x86)/atmel/atmel toolchain/avr8 gcc/native/3.4.1061/avr8-gnu-toolchain/bin/../lib/gcc/avr/4.8.1/../../../../avr/lib/avr5/crtm32.o
                0x00000094                __init
 *(.init0)
 *(.init1)
 *(.init1)
 *(.init2)
 .init2         0x00000094        0xc c:/program files (x86)/atmel/atmel toolchain/avr8 gcc/native/3.4.1061/avr8-gnu-toolchain/bin/../lib/gcc/avr/4.8.1/../../../../avr/lib/avr5/crtm32.o
 *(.init2)
 *(.init3)
 *(.init3)
 *(.init4)
 .init4         0x000000a0       0x16 c:/program files (x86)/atmel/atmel toolchain/avr8 gcc/native/3.4.1061/avr8-gnu-toolchain/bin/../lib/gcc/avr/4.8.1/avr5\libgcc.a(_copy_data.o)
                0x000000a0                __do_copy_data
 .init4         0x000000b6       0x10 c:/program files (x86)/atmel/atmel toolchain/avr8 gcc/native/3.4.1061/avr8-gnu-toolchain/bin/../lib/gcc/avr/4.8.1/avr5\libgcc.a(_clear_bss.o)
                0x000000b6                __do_clear_bss
 *(.init4)
 *(.init5)
 *(.init5)
 *(.init6)
 *(.init6)
 *(.init7)
 *(.init7)
 *(.init8)
 *(.init8)
 *(.init9)
 .init9         0x000000c6        0x8 c:/program files (x86)/atmel/atmel toolchain/avr8 gcc/native/3.4.1061/avr8-gnu-toolchain/bin/../lib/gcc/avr/4.8.1/../../../../avr/lib/avr5/crtm32.o
 *(.init9)
 *(.text)
 .text          0x000000ce        0x4 c:/program files (x86)/atmel/atmel toolchain/avr8 gcc/native/3.4.1061/avr8-gnu-toolchain/bin/../lib/gcc/avr/4.8.1/../../../../avr/lib/avr5/crtm32.o
                0x000000ce                __vector_1
                0x000000ce                __vector_12
                0x000000ce                __bad_interrupt
                0x000000ce                __vector_6
                0x000000ce                __vector_3
                0x000000ce                __vector_13
                0x000000ce                __vector_17
                0x000000ce                __vector_19
                0x000000ce                __vector_5
                0x000000ce                __vector_9
                0x000000ce                __vector_2
                0x000000ce                __vector_15
                0x000000ce                __vector_8
                0x000000ce                __vector_14
                0x000000ce                __vector_10
                0x000000ce                __vector_18
                0x000000ce                __vector_20
                0x000000d2                . = ALIGN (0x2)
 *(.text.*)
 .text.vListInitialise
                0x000000d2       0x1c FreeRTOS/list.o
                0x000000d2                vListInitialise
 .text.vListInitialiseItem
                0x000000ee        0x8 FreeRTOS/list.o
                0x000000ee                vListInitialiseItem
 .text.vListInsertEnd
                0x000000f6       0x42 FreeRTOS/list.o
                0x000000f6                vListInsertEnd
 .text.vListInsert
                0x00000138       0x62 FreeRTOS/list.o
                0x00000138                vListInsert
 .text.uxListRemove
                0x0000019a       0x4c FreeRTOS/list.o
                0x0000019a                uxListRemove
 .text.prvResetNextTaskUnblockTime
                0x000001e6       0x3e FreeRTOS/tasks.o
 .text.prvAddCurrentTaskToDelayedList
                0x00000224       0x88 FreeRTOS/tasks.o
 .text.xTaskCreate
                0x000002ac      0x20c FreeRTOS/tasks.o
                0x000002ac                xTaskCreate
 .text.vTaskStartScheduler
                0x000004b8       0x54 FreeRTOS/tasks.o
                0x000004b8                vTaskStartScheduler
 .text.vTaskSuspendAll
                0x0000050c        0xc FreeRTOS/tasks.o
                0x0000050c                vTaskSuspendAll
 .text.xTaskIncrementTick
                0x00000518      0x17a FreeRTOS/tasks.o
                0x00000518                xTaskIncrementTick
 .text.xTaskResumeAll
                0x00000692      0x100 FreeRTOS/tasks.o
                0x00000692                xTaskResumeAll
 .text.vTaskDelay
                0x00000792       0x28 FreeRTOS/tasks.o
                0x00000792                vTaskDelay
 .text.prvIdleTask
                0x000007ba       0x7c FreeRTOS/tasks.o
 .text.vTaskSwitchContext
                0x00000836       0xb0 FreeRTOS/tasks.o
                0x00000836                vTaskSwitchContext
 .text._LCD_OutNibble
                0x000008e6       0x2a HD44780.o
                0x000008e6                _LCD_OutNibble
 .text._LCD_Write
                0x00000910       0x2a HD44780.o
                0x00000910                _LCD_Write
 .text.LCD_WriteCommand
                0x0000093a        0x8 HD44780.o
                0x0000093a                LCD_WriteCommand
 .text.LCD_WriteData
                0x00000942        0x8 HD44780.o
                0x00000942                LCD_WriteData
 .text.LCD_WriteText
                0x0000094a       0x1e HD44780.o
                0x0000094a                LCD_WriteText
 .text.LCD_GoTo
                0x00000968       0x10 HD44780.o
                0x00000968                LCD_GoTo
 .text.LCD_Clear
                0x00000978       0x14 HD44780.o
                0x00000978                LCD_Clear
 .text.LCD_Initalize
                0x0000098c       0x7e HD44780.o
                0x0000098c                LCD_Initalize
 .text.LCD_AddCustomSymbol
                0x00000a0a       0x42 HD44780.o
                0x00000a0a                LCD_AddCustomSymbol
 .text.LCD_FillGRAM
                0x00000a4c       0x8a lcd_custom_sym.o
                0x00000a4c                LCD_FillGRAM
 .text.temperature
                0x00000ad6        0xe main.o
 .text.debug_   0x00000ae4       0x12 main.o
 .text.display  0x00000af6       0x7c main.o
 .text.main     0x00000b72       0xae main.o
                0x00000b72                main
 .text.vApplicationIdleHook
                0x00000c20        0x2 main.o
                0x00000c20                vApplicationIdleHook
 .text.pvPortMalloc
                0x00000c22       0x1e portable/heap_3.o
                0x00000c22                pvPortMalloc
 .text.vPortFree
                0x00000c40       0x1e portable/heap_3.o
                0x00000c40                vPortFree
 .text.pxPortInitialiseStack
                0x00000c5e       0xd8 portable/port.o
                0x00000c5e                pxPortInitialiseStack
 .text.xPortStartScheduler
                0x00000d36       0x6a portable/port.o
                0x00000d36                xPortStartScheduler
 .text.vPortYield
                0x00000da0       0xb2 portable/port.o
                0x00000da0                vPortYield
 .text.vPortYieldFromTick
                0x00000e52       0xb8 portable/port.o
                0x00000e52                vPortYieldFromTick
 .text.__vector_7
                0x00000f0a        0x6 portable/port.o
                0x00000f0a                __vector_7
 .text.adc_init
                0x00000f10       0x14 z_adc.o
                0x00000f10                adc_init
 .text.get_result_ADC
                0x00000f24       0x16 z_adc.o
                0x00000f24                get_result_ADC
 .text.get_result_ADC_motor
                0x00000f3a       0x16 z_adc.o
                0x00000f3a                get_result_ADC_motor
 .text.adc_cyclic
                0x00000f50       0x16 z_adc.o
                0x00000f50                adc_cyclic
 .text.__vector_16
                0x00000f66       0x3a z_adc.o
                0x00000f66                __vector_16
 .text.display_phase
                0x00000fa0      0x194 z_display.o
                0x00000fa0                display_phase
 .text.set_event
                0x00001134       0xe2 z_events.o
                0x00001134                set_event
 .text.temp     0x00001216       0x34 z_events.o
                0x00001216                temp
 .text.motor    0x0000124a        0xc z_events.o
                0x0000124a                motor
 .text.auto_climate_control
                0x00001256       0x9e z_events.o
                0x00001256                auto_climate_control
 .text.debounce_D
                0x000012f4       0xea z_inputs.o
                0x000012f4                debounce_D
 .text.set_pwm_fan_lvl
                0x000013de       0x3e z_pwm.o
                0x000013de                set_pwm_fan_lvl
 .text.set_pwm_pow_lvl
                0x0000141c       0x3c z_pwm.o
                0x0000141c                set_pwm_pow_lvl
 .text.init_timer0
                0x00001458       0x14 z_pwm.o
                0x00001458                init_timer0
 .text.init_timer2
                0x0000146c       0x20 z_pwm.o
                0x0000146c                init_timer2
 .text.__vector_4
                0x0000148c      0x11e z_pwm.o
                0x0000148c                __vector_4
 .text.__vector_11
                0x000015aa       0x3c z_pwm.o
                0x000015aa                __vector_11
 .text.avr-libc.fplib
                0x000015e6        0xa c:/program files (x86)/atmel/atmel toolchain/avr8 gcc/native/3.4.1061/avr8-gnu-toolchain/bin/../lib/gcc/avr/4.8.1/../../../../avr/lib/avr5\libm.a(addsf3.o)
                0x000015e6                __subsf3
                0x000015e8                __addsf3
 .text.avr-libc.fplib
                0x000015f0       0xc0 c:/program files (x86)/atmel/atmel toolchain/avr8 gcc/native/3.4.1061/avr8-gnu-toolchain/bin/../lib/gcc/avr/4.8.1/../../../../avr/lib/avr5\libm.a(addsf3x.o)
                0x0000160a                __addsf3x
 .text.avr-libc.fplib
                0x000016b0        0x8 c:/program files (x86)/atmel/atmel toolchain/avr8 gcc/native/3.4.1061/avr8-gnu-toolchain/bin/../lib/gcc/avr/4.8.1/../../../../avr/lib/avr5\libm.a(cmpsf2.o)
                0x000016b0                __nesf2
                0x000016b0                __eqsf2
                0x000016b0                __cmpsf2
                0x000016b0                __ltsf2
                0x000016b0                __lesf2
 .text.avr-libc.fplib
                0x000016b8        0x4 c:/program files (x86)/atmel/atmel toolchain/avr8 gcc/native/3.4.1061/avr8-gnu-toolchain/bin/../lib/gcc/avr/4.8.1/../../../../avr/lib/avr5\libm.a(divsf3.o)
                0x000016b8                __divsf3
 .text.avr-libc.fplib
                0x000016bc       0xcc c:/program files (x86)/atmel/atmel toolchain/avr8 gcc/native/3.4.1061/avr8-gnu-toolchain/bin/../lib/gcc/avr/4.8.1/../../../../avr/lib/avr5\libm.a(divsf3x.o)
                0x000016d2                __divsf3x
                0x000016d6                __divsf3_pse
 .text.avr-libc.fplib
                0x00001788        0xa c:/program files (x86)/atmel/atmel toolchain/avr8 gcc/native/3.4.1061/avr8-gnu-toolchain/bin/../lib/gcc/avr/4.8.1/../../../../avr/lib/avr5\libm.a(fixsfsi.o)
                0x00001788                __fixsfsi
 .text.avr-libc.fplib
                0x00001792       0x58 c:/program files (x86)/atmel/atmel toolchain/avr8 gcc/native/3.4.1061/avr8-gnu-toolchain/bin/../lib/gcc/avr/4.8.1/../../../../avr/lib/avr5\libm.a(fixunssfsi.o)
                0x00001792                __fixunssfsi
 .text.avr-libc.fplib
                0x000017ea       0x7a c:/program files (x86)/atmel/atmel toolchain/avr8 gcc/native/3.4.1061/avr8-gnu-toolchain/bin/../lib/gcc/avr/4.8.1/../../../../avr/lib/avr5\libm.a(floatsisf.o)
                0x000017ea                __floatunsisf
                0x000017ee                __floatsisf
 .text.avr-libc.fplib
                0x00001864       0x48 c:/program files (x86)/atmel/atmel toolchain/avr8 gcc/native/3.4.1061/avr8-gnu-toolchain/bin/../lib/gcc/avr/4.8.1/../../../../avr/lib/avr5\libm.a(fp_cmp.o)
                0x00001864                __fp_cmp
 .text.avr-libc.fplib
                0x000018ac        0xc c:/program files (x86)/atmel/atmel toolchain/avr8 gcc/native/3.4.1061/avr8-gnu-toolchain/bin/../lib/gcc/avr/4.8.1/../../../../avr/lib/avr5\libm.a(fp_inf.o)
                0x000018ac                __fp_inf
 .text.avr-libc.fplib
                0x000018b8        0x6 c:/program files (x86)/atmel/atmel toolchain/avr8 gcc/native/3.4.1061/avr8-gnu-toolchain/bin/../lib/gcc/avr/4.8.1/../../../../avr/lib/avr5\libm.a(fp_nan.o)
                0x000018b8                __fp_nan
 .text.avr-libc.fplib
                0x000018be        0xe c:/program files (x86)/atmel/atmel toolchain/avr8 gcc/native/3.4.1061/avr8-gnu-toolchain/bin/../lib/gcc/avr/4.8.1/../../../../avr/lib/avr5\libm.a(fp_pscA.o)
                0x000018be                __fp_pscA
 .text.avr-libc.fplib
                0x000018cc        0xe c:/program files (x86)/atmel/atmel toolchain/avr8 gcc/native/3.4.1061/avr8-gnu-toolchain/bin/../lib/gcc/avr/4.8.1/../../../../avr/lib/avr5\libm.a(fp_pscB.o)
                0x000018cc                __fp_pscB
 .text.avr-libc.fplib
                0x000018da       0x22 c:/program files (x86)/atmel/atmel toolchain/avr8 gcc/native/3.4.1061/avr8-gnu-toolchain/bin/../lib/gcc/avr/4.8.1/../../../../avr/lib/avr5\libm.a(fp_round.o)
                0x000018da                __fp_round
 .text.avr-libc.fplib
                0x000018fc       0x44 c:/program files (x86)/atmel/atmel toolchain/avr8 gcc/native/3.4.1061/avr8-gnu-toolchain/bin/../lib/gcc/avr/4.8.1/../../../../avr/lib/avr5\libm.a(fp_split3.o)
                0x000018fc                __fp_split3
                0x0000190c                __fp_splitA
 .text.avr-libc.fplib
                0x00001940        0xe c:/program files (x86)/atmel/atmel toolchain/avr8 gcc/native/3.4.1061/avr8-gnu-toolchain/bin/../lib/gcc/avr/4.8.1/../../../../avr/lib/avr5\libm.a(fp_zero.o)
                0x00001940                __fp_zero
                0x00001942                __fp_szero
 .text.avr-libc.fplib
                0x0000194e        0x8 c:/program files (x86)/atmel/atmel toolchain/avr8 gcc/native/3.4.1061/avr8-gnu-toolchain/bin/../lib/gcc/avr/4.8.1/../../../../avr/lib/avr5\libm.a(gesf2.o)
                0x0000194e                __gesf2
                0x0000194e                __gtsf2
 .text.avr-libc
                0x00001956      0x24e c:/program files (x86)/atmel/atmel toolchain/avr8 gcc/native/3.4.1061/avr8-gnu-toolchain/bin/../lib/gcc/avr/4.8.1/../../../../avr/lib/avr5\libc.a(malloc.o)
                0x00001956                malloc
                0x00001a86                free
 .text.avr-libc
                0x00001ba4       0x16 c:/program files (x86)/atmel/atmel toolchain/avr8 gcc/native/3.4.1061/avr8-gnu-toolchain/bin/../lib/gcc/avr/4.8.1/../../../../avr/lib/avr5\libc.a(itoa.o)
                0x00001ba4                __itoa
                0x00001ba4                itoa
 .text.avr-libc
                0x00001bba       0x16 c:/program files (x86)/atmel/atmel toolchain/avr8 gcc/native/3.4.1061/avr8-gnu-toolchain/bin/../lib/gcc/avr/4.8.1/../../../../avr/lib/avr5\libc.a(itoa_ncheck.o)
                0x00001bba                __itoa_ncheck
 .text.avr-libc
                0x00001bd0       0x34 c:/program files (x86)/atmel/atmel toolchain/avr8 gcc/native/3.4.1061/avr8-gnu-toolchain/bin/../lib/gcc/avr/4.8.1/../../../../avr/lib/avr5\libc.a(utoa_ncheck.o)
                0x00001bd0                __utoa_ncheck
                0x00001bd2                __utoa_common
 .text.avr-libc
                0x00001c04       0x20 c:/program files (x86)/atmel/atmel toolchain/avr8 gcc/native/3.4.1061/avr8-gnu-toolchain/bin/../lib/gcc/avr/4.8.1/../../../../avr/lib/avr5\libc.a(eerd_block_atmega32.o)
                0x00001c04                __eerd_block_m32
                0x00001c08                __eerd_blraw_m32
 .text.avr-libc
                0x00001c24       0x1a c:/program files (x86)/atmel/atmel toolchain/avr8 gcc/native/3.4.1061/avr8-gnu-toolchain/bin/../lib/gcc/avr/4.8.1/../../../../avr/lib/avr5\libc.a(eewr_byte_atmega32.o)
                0x00001c24                __eewr_byte_m32
                0x00001c26                __eewr_r18_m32
 .text.avr-libc
                0x00001c3e       0x20 c:/program files (x86)/atmel/atmel toolchain/avr8 gcc/native/3.4.1061/avr8-gnu-toolchain/bin/../lib/gcc/avr/4.8.1/../../../../avr/lib/avr5\libc.a(strrev.o)
                0x00001c3e                strrev
                0x00001c5e                . = ALIGN (0x2)
 *(.fini9)
 .fini9         0x00001c5e        0x0 c:/program files (x86)/atmel/atmel toolchain/avr8 gcc/native/3.4.1061/avr8-gnu-toolchain/bin/../lib/gcc/avr/4.8.1/avr5\libgcc.a(_exit.o)
                0x00001c5e                _exit
                0x00001c5e                exit
 *(.fini9)
 *(.fini8)
 *(.fini8)
 *(.fini7)
 *(.fini7)
 *(.fini6)
 *(.fini6)
 *(.fini5)
 *(.fini5)
 *(.fini4)
 *(.fini4)
 *(.fini3)
 *(.fini3)
 *(.fini2)
 *(.fini2)
 *(.fini1)
 *(.fini1)
 *(.fini0)
 .fini0         0x00001c5e        0x4 c:/program files (x86)/atmel/atmel toolchain/avr8 gcc/native/3.4.1061/avr8-gnu-toolchain/bin/../lib/gcc/avr/4.8.1/avr5\libgcc.a(_exit.o)
 *(.fini0)
                0x00001c62                _etext = .

.data           0x00800060       0x48 load address 0x00001c62
                0x00800060                PROVIDE (__data_start, .)
 *(.data)
 .data          0x00800060        0x6 c:/program files (x86)/atmel/atmel toolchain/avr8 gcc/native/3.4.1061/avr8-gnu-toolchain/bin/../lib/gcc/avr/4.8.1/../../../../avr/lib/avr5\libc.a(malloc.o)
                0x00800060                __malloc_heap_end
                0x00800062                __malloc_heap_start
                0x00800064                __malloc_margin
 *(.data*)
 .data.count_gradient
                0x00800066        0x4 z_pwm.o
                0x00800066                count_gradient
 *(.rodata)
 *(.rodata*)
 .rodata.str1.1
                0x0080006a        0x5 FreeRTOS/tasks.o
 .rodata.str1.1
                0x0080006f       0x20 main.o
 .rodata.str1.1
                0x0080008f       0x18 z_display.o
 *(.gnu.linkonce.d*)
                0x008000a8                . = ALIGN (0x2)
 *fill*         0x008000a7        0x1 
                0x008000a8                _edata = .
                0x008000a8                PROVIDE (__data_end, .)

.bss            0x008000a8       0x83
                0x008000a8                PROVIDE (__bss_start, .)
 *(.bss)
 *(.bss*)
 .bss.uxSchedulerSuspended
                0x008000a8        0x1 FreeRTOS/tasks.o
 .bss.xIdleTaskHandle
                0x008000a9        0x2 FreeRTOS/tasks.o
 .bss.xNextTaskUnblockTime
                0x008000ab        0x2 FreeRTOS/tasks.o
 .bss.uxTaskNumber
                0x008000ad        0x1 FreeRTOS/tasks.o
 .bss.xNumOfOverflows
                0x008000ae        0x1 FreeRTOS/tasks.o
 .bss.xYieldPending
                0x008000af        0x1 FreeRTOS/tasks.o
 .bss.uxPendedTicks
                0x008000b0        0x1 FreeRTOS/tasks.o
 .bss.xSchedulerRunning
                0x008000b1        0x1 FreeRTOS/tasks.o
 .bss.uxTopReadyPriority
                0x008000b2        0x1 FreeRTOS/tasks.o
 .bss.xTickCount
                0x008000b3        0x2 FreeRTOS/tasks.o
 .bss.uxCurrentNumberOfTasks
                0x008000b5        0x1 FreeRTOS/tasks.o
 .bss.uxDeletedTasksWaitingCleanUp
                0x008000b6        0x1 FreeRTOS/tasks.o
 .bss.xTasksWaitingTermination
                0x008000b7        0x9 FreeRTOS/tasks.o
 .bss.xPendingReadyList
                0x008000c0        0x9 FreeRTOS/tasks.o
 .bss.pxOverflowDelayedTaskList
                0x008000c9        0x2 FreeRTOS/tasks.o
 .bss.pxDelayedTaskList
                0x008000cb        0x2 FreeRTOS/tasks.o
 .bss.xDelayedTaskList2
                0x008000cd        0x9 FreeRTOS/tasks.o
 .bss.xDelayedTaskList1
                0x008000d6        0x9 FreeRTOS/tasks.o
 .bss.pxReadyTasksLists
                0x008000df       0x24 FreeRTOS/tasks.o
 .bss.pxCurrentTCB
                0x00800103        0x2 FreeRTOS/tasks.o
                0x00800103                pxCurrentTCB
 .bss.enum_state
                0x00800105        0x8 z_inputs.o
                0x00800105                enum_state
 .bss.buffer    0x0080010d       0x10 z_inputs.o
                0x0080010d                buffer
 .bss.count     0x0080011d        0x1 z_pwm.o
                0x0080011d                count
 .bss.level     0x0080011e        0x1 z_pwm.o
                0x0080011e                level
 *(COMMON)
 COMMON         0x0080011f        0x2 main.o
                0x0080011f                states
                0x00800120                events
 COMMON         0x00800121        0x4 z_adc.o
                0x00800121                result_ADC
                0x00800123                result_ADC_motor
 COMMON         0x00800125        0x1 z_events.o
                0x00800125                desired_temp
 COMMON         0x00800126        0x1 z_pwm.o
                0x00800126                pwm_pow_lvl
 COMMON         0x00800127        0x4 c:/program files (x86)/atmel/atmel toolchain/avr8 gcc/native/3.4.1061/avr8-gnu-toolchain/bin/../lib/gcc/avr/4.8.1/../../../../avr/lib/avr5\libc.a(malloc.o)
                0x00800127                __brkval
                0x00800129                __flp
                0x0080012b                PROVIDE (__bss_end, .)
                0x00001c62                __data_load_start = LOADADDR (.data)
                0x00001caa                __data_load_end = (__data_load_start + SIZEOF (.data))

.noinit         0x0080012b        0x0
                0x0080012b                PROVIDE (__noinit_start, .)
 *(.noinit*)
                0x0080012b                PROVIDE (__noinit_end, .)
                0x0080012b                _end = .
                0x0080012b                PROVIDE (__heap_start, .)

.eeprom         0x00810000        0x0
 *(.eeprom*)
                0x00810000                __eeprom_end = .

.fuse
 *(.fuse)
 *(.lfuse)
 *(.hfuse)
 *(.efuse)

.lock
 *(.lock*)

.signature
 *(.signature*)

.user_signatures
 *(.user_signatures*)

.stab
 *(.stab)

.stabstr
 *(.stabstr)

.stab.excl
 *(.stab.excl)

.stab.exclstr
 *(.stab.exclstr)

.stab.index
 *(.stab.index)

.stab.indexstr
 *(.stab.indexstr)

.comment        0x00000000       0x30
 *(.comment)
 .comment       0x00000000       0x30 FreeRTOS/list.o
                                 0x31 (size before relaxing)
 .comment       0x00000000       0x31 FreeRTOS/tasks.o
 .comment       0x00000000       0x31 HD44780.o
 .comment       0x00000000       0x31 lcd_custom_sym.o
 .comment       0x00000000       0x31 main.o
 .comment       0x00000000       0x31 portable/heap_3.o
 .comment       0x00000000       0x31 portable/port.o
 .comment       0x00000000       0x31 z_adc.o
 .comment       0x00000000       0x31 z_display.o
 .comment       0x00000000       0x31 z_events.o
 .comment       0x00000000       0x31 z_inputs.o
 .comment       0x00000000       0x31 z_pwm.o
 .comment       0x00000000       0x31 c:/program files (x86)/atmel/atmel toolchain/avr8 gcc/native/3.4.1061/avr8-gnu-toolchain/bin/../lib/gcc/avr/4.8.1/../../../../avr/lib/avr5\libc.a(malloc.o)

.note.gnu.build-id
 *(.note.gnu.build-id)

.debug
 *(.debug)

.line
 *(.line)

.debug_srcinfo
 *(.debug_srcinfo)

.debug_sfnames
 *(.debug_sfnames)

.debug_aranges  0x00000000      0x3a8
 *(.debug_aranges)
 .debug_aranges
                0x00000000       0x40 FreeRTOS/list.o
 .debug_aranges
                0x00000040      0x110 FreeRTOS/tasks.o
 .debug_aranges
                0x00000150       0x88 HD44780.o
 .debug_aranges
                0x000001d8       0x20 lcd_custom_sym.o
 .debug_aranges
                0x000001f8       0x40 main.o
 .debug_aranges
                0x00000238       0x28 portable/heap_3.o
 .debug_aranges
                0x00000260       0x48 portable/port.o
 .debug_aranges
                0x000002a8       0x40 z_adc.o
 .debug_aranges
                0x000002e8       0x20 z_display.o
 .debug_aranges
                0x00000308       0x38 z_events.o
 .debug_aranges
                0x00000340       0x20 z_inputs.o
 .debug_aranges
                0x00000360       0x48 z_pwm.o

.debug_pubnames
 *(.debug_pubnames)

.debug_info     0x00000000     0x3b16
 *(.debug_info .gnu.linkonce.wi.*)
 .debug_info    0x00000000      0x2cd FreeRTOS/list.o
 .debug_info    0x000002cd     0x18c9 FreeRTOS/tasks.o
 .debug_info    0x00001b96      0x700 HD44780.o
 .debug_info    0x00002296      0x171 lcd_custom_sym.o
 .debug_info    0x00002407      0x758 main.o
 .debug_info    0x00002b5f      0x188 portable/heap_3.o
 .debug_info    0x00002ce7      0x261 portable/port.o
 .debug_info    0x00002f48      0x13b z_adc.o
 .debug_info    0x00003083      0x541 z_display.o
 .debug_info    0x000035c4      0x207 z_events.o
 .debug_info    0x000037cb      0x193 z_inputs.o
 .debug_info    0x0000395e      0x1b8 z_pwm.o

.debug_abbrev   0x00000000     0x109d
 *(.debug_abbrev)
 .debug_abbrev  0x00000000       0xf8 FreeRTOS/list.o
 .debug_abbrev  0x000000f8      0x35a FreeRTOS/tasks.o
 .debug_abbrev  0x00000452      0x173 HD44780.o
 .debug_abbrev  0x000005c5       0xef lcd_custom_sym.o
 .debug_abbrev  0x000006b4      0x2bf main.o
 .debug_abbrev  0x00000973      0x118 portable/heap_3.o
 .debug_abbrev  0x00000a8b      0x167 portable/port.o
 .debug_abbrev  0x00000bf2       0xbb z_adc.o
 .debug_abbrev  0x00000cad       0xea z_display.o
 .debug_abbrev  0x00000d97      0x135 z_events.o
 .debug_abbrev  0x00000ecc       0xf7 z_inputs.o
 .debug_abbrev  0x00000fc3       0xda z_pwm.o

.debug_line     0x00000000     0x15aa
 *(.debug_line .debug_line.* .debug_line_end)
 .debug_line    0x00000000      0x159 FreeRTOS/list.o
 .debug_line    0x00000159      0x65b FreeRTOS/tasks.o
 .debug_line    0x000007b4      0x299 HD44780.o
 .debug_line    0x00000a4d       0xd9 lcd_custom_sym.o
 .debug_line    0x00000b26      0x2f3 main.o
 .debug_line    0x00000e19      0x17a portable/heap_3.o
 .debug_line    0x00000f93      0x18f portable/port.o
 .debug_line    0x00001122      0x105 z_adc.o
 .debug_line    0x00001227       0x6d z_display.o
 .debug_line    0x00001294       0xd9 z_events.o
 .debug_line    0x0000136d      0x106 z_inputs.o
 .debug_line    0x00001473      0x137 z_pwm.o

.debug_frame    0x00000000      0x9d4
 *(.debug_frame)
 .debug_frame   0x00000000       0x88 FreeRTOS/list.o
 .debug_frame   0x00000088      0x3f8 FreeRTOS/tasks.o
 .debug_frame   0x00000480      0x158 HD44780.o
 .debug_frame   0x000005d8       0x54 lcd_custom_sym.o
 .debug_frame   0x0000062c       0x94 main.o
 .debug_frame   0x000006c0       0x4c portable/heap_3.o
 .debug_frame   0x0000070c       0x74 portable/port.o
 .debug_frame   0x00000780       0x78 z_adc.o
 .debug_frame   0x000007f8       0x34 z_display.o
 .debug_frame   0x0000082c       0x54 z_events.o
 .debug_frame   0x00000880       0x5c z_inputs.o
 .debug_frame   0x000008dc       0xf8 z_pwm.o

.debug_str      0x00000000     0x1001
 *(.debug_str)
 .debug_str     0x00000000      0x25c FreeRTOS/list.o
                                0x29b (size before relaxing)
 .debug_str     0x0000025c      0x8e0 FreeRTOS/tasks.o
                                0xb5f (size before relaxing)
 .debug_str     0x00000b3c      0x164 HD44780.o
                                0x2b6 (size before relaxing)
 .debug_str     0x00000ca0       0x4b lcd_custom_sym.o
                                0x1b5 (size before relaxing)
 .debug_str     0x00000ceb      0x119 main.o
                                0x33e (size before relaxing)
 .debug_str     0x00000e04       0x36 portable/heap_3.o
                                0x1c3 (size before relaxing)
 .debug_str     0x00000e3a       0x7d portable/port.o
                                0x294 (size before relaxing)
 .debug_str     0x00000eb7       0x5d z_adc.o
                                0x1ca (size before relaxing)
 .debug_str     0x00000f14       0x11 z_display.o
                                0x1aa (size before relaxing)
 .debug_str     0x00000f25       0x28 z_events.o
                                0x1f4 (size before relaxing)
 .debug_str     0x00000f4d       0x7b z_inputs.o
                                0x1f9 (size before relaxing)
 .debug_str     0x00000fc8       0x39 z_pwm.o
                                0x1e5 (size before relaxing)

.debug_loc      0x00000000     0x291f
 *(.debug_loc)
 .debug_loc     0x00000000      0x155 FreeRTOS/list.o
 .debug_loc     0x00000155     0x1876 FreeRTOS/tasks.o
 .debug_loc     0x000019cb      0x4d2 HD44780.o
 .debug_loc     0x00001e9d      0x159 lcd_custom_sym.o
 .debug_loc     0x00001ff6      0x106 main.o
 .debug_loc     0x000020fc      0x102 portable/heap_3.o
 .debug_loc     0x000021fe      0x2ac portable/port.o
 .debug_loc     0x000024aa       0x83 z_adc.o
 .debug_loc     0x0000252d       0x48 z_display.o
 .debug_loc     0x00002575       0x31 z_events.o
 .debug_loc     0x000025a6      0x111 z_inputs.o
 .debug_loc     0x000026b7      0x268 z_pwm.o

.debug_macinfo
 *(.debug_macinfo)

.debug_weaknames
 *(.debug_weaknames)

.debug_funcnames
 *(.debug_funcnames)

.debug_typenames
 *(.debug_typenames)

.debug_varnames
 *(.debug_varnames)

.debug_pubtypes
 *(.debug_pubtypes)

.debug_ranges   0x00000000      0x368
 *(.debug_ranges)
 .debug_ranges  0x00000000       0x30 FreeRTOS/list.o
 .debug_ranges  0x00000030      0x168 FreeRTOS/tasks.o
 .debug_ranges  0x00000198       0x78 HD44780.o
 .debug_ranges  0x00000210       0x10 lcd_custom_sym.o
 .debug_ranges  0x00000220       0x30 main.o
 .debug_ranges  0x00000250       0x18 portable/heap_3.o
 .debug_ranges  0x00000268       0x38 portable/port.o
 .debug_ranges  0x000002a0       0x30 z_adc.o
 .debug_ranges  0x000002d0       0x10 z_display.o
 .debug_ranges  0x000002e0       0x28 z_events.o
 .debug_ranges  0x00000308       0x28 z_inputs.o
 .debug_ranges  0x00000330       0x38 z_pwm.o

.debug_macro
 *(.debug_macro)
OUTPUT(HVAC.elf elf32-avr)
LOAD linker stubs
